Component: Arm Compiler for Embedded 6.23 Tool: armlink [5f102400]

==============================================================================

Section Cross References

    startup_stm32h723xx.o(STACK) refers (Special) to heapauxi.o(.text) for __use_two_region_memory
    startup_stm32h723xx.o(HEAP) refers (Special) to heapauxi.o(.text) for __use_two_region_memory
    startup_stm32h723xx.o(RESET) refers (Special) to heapauxi.o(.text) for __use_two_region_memory
    startup_stm32h723xx.o(RESET) refers to startup_stm32h723xx.o(STACK) for __initial_sp
    startup_stm32h723xx.o(RESET) refers to startup_stm32h723xx.o(.text) for Reset_Handler
    startup_stm32h723xx.o(RESET) refers to stm32h7xx_it.o(.text.NMI_Handler) for NMI_Handler
    startup_stm32h723xx.o(RESET) refers to stm32h7xx_it.o(.text.HardFault_Handler) for HardFault_Handler
    startup_stm32h723xx.o(RESET) refers to stm32h7xx_it.o(.text.MemManage_Handler) for MemManage_Handler
    startup_stm32h723xx.o(RESET) refers to stm32h7xx_it.o(.text.BusFault_Handler) for BusFault_Handler
    startup_stm32h723xx.o(RESET) refers to stm32h7xx_it.o(.text.UsageFault_Handler) for UsageFault_Handler
    startup_stm32h723xx.o(RESET) refers to stm32h7xx_it.o(.text.SVC_Handler) for SVC_Handler
    startup_stm32h723xx.o(RESET) refers to stm32h7xx_it.o(.text.DebugMon_Handler) for DebugMon_Handler
    startup_stm32h723xx.o(RESET) refers to stm32h7xx_it.o(.text.PendSV_Handler) for PendSV_Handler
    startup_stm32h723xx.o(RESET) refers to stm32h7xx_it.o(.text.SysTick_Handler) for SysTick_Handler
    startup_stm32h723xx.o(RESET) refers to stm32h7xx_it.o(.text.FDCAN1_IT0_IRQHandler) for FDCAN1_IT0_IRQHandler
    startup_stm32h723xx.o(RESET) refers to stm32h7xx_it.o(.text.FDCAN2_IT0_IRQHandler) for FDCAN2_IT0_IRQHandler
    startup_stm32h723xx.o(RESET) refers to stm32h7xx_it.o(.text.FDCAN1_IT1_IRQHandler) for FDCAN1_IT1_IRQHandler
    startup_stm32h723xx.o(RESET) refers to stm32h7xx_it.o(.text.FDCAN2_IT1_IRQHandler) for FDCAN2_IT1_IRQHandler
    startup_stm32h723xx.o(RESET) refers to stm32h7xx_it.o(.text.TIM3_IRQHandler) for TIM3_IRQHandler
    startup_stm32h723xx.o(RESET) refers to stm32h7xx_it.o(.text.TIM4_IRQHandler) for TIM4_IRQHandler
    startup_stm32h723xx.o(RESET) refers to stm32h7xx_it.o(.text.FDCAN_CAL_IRQHandler) for FDCAN_CAL_IRQHandler
    startup_stm32h723xx.o(RESET) refers to stm32h7xx_it.o(.text.OTG_HS_IRQHandler) for OTG_HS_IRQHandler
    startup_stm32h723xx.o(.text) refers (Special) to heapauxi.o(.text) for __use_two_region_memory
    startup_stm32h723xx.o(.text) refers to system_stm32h7xx.o(.text.SystemInit) for SystemInit
    startup_stm32h723xx.o(.text) refers to __main.o(!!!main) for __main
    startup_stm32h723xx.o(.text) refers to startup_stm32h723xx.o(HEAP) for Heap_Mem
    startup_stm32h723xx.o(.text) refers to startup_stm32h723xx.o(STACK) for Stack_Mem
    main.o(.text) refers (Special) to _printf_percent.o(.ARM.Collect$$_printf_percent$$00000000) for _printf_percent
    main.o(.text) refers (Special) to _printf_f.o(.ARM.Collect$$_printf_percent$$00000003) for _printf_f
    main.o(.text) refers (Special) to printf1.o(x$fpl$printf1) for _printf_fp_dec
    main.o(.text.HAL_TIM_PeriodElapsedCallback) refers (Special) to _printf_percent.o(.ARM.Collect$$_printf_percent$$00000000) for _printf_percent
    main.o(.text.HAL_TIM_PeriodElapsedCallback) refers (Special) to _printf_f.o(.ARM.Collect$$_printf_percent$$00000003) for _printf_f
    main.o(.text.HAL_TIM_PeriodElapsedCallback) refers (Special) to printf1.o(x$fpl$printf1) for _printf_fp_dec
    main.o(.text.HAL_TIM_PeriodElapsedCallback) refers to main.o(.bss..L_MergedGlobals) for .L_MergedGlobals
    main.o(.text.HAL_TIM_PeriodElapsedCallback) refers to dm_motor_ctrl.o(.bss.motor) for motor
    main.o(.text.HAL_TIM_PeriodElapsedCallback) refers to fdcan.o(.bss.hfdcan1) for hfdcan1
    main.o(.text.HAL_TIM_PeriodElapsedCallback) refers to dm_motor_drv.o(.text.dm_motor_ctrl_send) for dm_motor_ctrl_send
    main.o(.text.HAL_TIM_PeriodElapsedCallback) refers to fdcan.o(.bss.hfdcan2) for hfdcan2
    main.o(.ARM.exidx.text.HAL_TIM_PeriodElapsedCallback) refers (Special) to _printf_percent.o(.ARM.Collect$$_printf_percent$$00000000) for _printf_percent
    main.o(.ARM.exidx.text.HAL_TIM_PeriodElapsedCallback) refers (Special) to _printf_f.o(.ARM.Collect$$_printf_percent$$00000003) for _printf_f
    main.o(.ARM.exidx.text.HAL_TIM_PeriodElapsedCallback) refers (Special) to printf1.o(x$fpl$printf1) for _printf_fp_dec
    main.o(.ARM.exidx.text.HAL_TIM_PeriodElapsedCallback) refers to main.o(.text.HAL_TIM_PeriodElapsedCallback) for [Anonymous Symbol]
    main.o(.text.main) refers (Special) to _printf_percent.o(.ARM.Collect$$_printf_percent$$00000000) for _printf_percent
    main.o(.text.main) refers (Special) to _printf_f.o(.ARM.Collect$$_printf_percent$$00000003) for _printf_f
    main.o(.text.main) refers (Special) to printf1.o(x$fpl$printf1) for _printf_fp_dec
[...]
    __user_perthread_libspace                0x08000cd9   Thumb Code     0  libspace.o(.text)
    __user_setup_stackheap                   0x08000ce1   Thumb Code    74  sys_stackheap_outer.o(.text)
    exit                                     0x08000d2b   Thumb Code    18  exit.o(.text)
    strcmp                                   0x08000d41   Thumb Code   124  strcmpv7m_pel.o(.text)
    _sys_exit                                0x08000dbd   Thumb Code     8  sys_exit.o(.text)
    __I$use$semihosting                      0x08000dc9   Thumb Code     0  use_no_semi.o(.text)
    __use_no_semihosting_swi                 0x08000dc9   Thumb Code     2  use_no_semi.o(.text)
    __semihosting_library_function           0x08000dcb   Thumb Code     0  indicate_semi.o(.text)
    BusFault_Handler                         0x08000dd1   Thumb Code     2  stm32h7xx_it.o(.text.BusFault_Handler)
    CDC_Transmit_HS                          0x08000e41   Thumb Code    68  usbd_cdc_if.o(.text.CDC_Transmit_HS)
    DebugMon_Handler                         0x08000e89   Thumb Code     2  stm32h7xx_it.o(.text.DebugMon_Handler)
    Error_Handler                            0x08000e91   Thumb Code    10  main.o(.text.Error_Handler)
    FDCAN1_IT0_IRQHandler                    0x08000ea1   Thumb Code    12  stm32h7xx_it.o(.text.FDCAN1_IT0_IRQHandler)
    FDCAN1_IT1_IRQHandler                    0x08000eb1   Thumb Code    12  stm32h7xx_it.o(.text.FDCAN1_IT1_IRQHandler)
    FDCAN2_IT0_IRQHandler                    0x08000ec1   Thumb Code    12  stm32h7xx_it.o(.text.FDCAN2_IT0_IRQHandler)
    FDCAN2_IT1_IRQHandler                    0x08000ed1   Thumb Code    12  stm32h7xx_it.o(.text.FDCAN2_IT1_IRQHandler)
    FDCAN_CAL_IRQHandler                     0x08000ee1   Thumb Code    30  stm32h7xx_it.o(.text.FDCAN_CAL_IRQHandler)
    HAL_Delay                                0x08000f01   Thumb Code    40  stm32h7xx_hal.o(.text.HAL_Delay)
    HAL_FDCAN_ActivateNotification           0x08000f29   Thumb Code   138  stm32h7xx_hal_fdcan.o(.text.HAL_FDCAN_ActivateNotification)
    HAL_FDCAN_AddMessageToTxFifoQ            0x08000fb9   Thumb Code   234  stm32h7xx_hal_fdcan.o(.text.HAL_FDCAN_AddMessageToTxFifoQ)
    HAL_FDCAN_ClockCalibrationCallback       0x080010a9   Thumb Code     2  stm32h7xx_hal_fdcan.o(.text.HAL_FDCAN_ClockCalibrationCallback)
    HAL_FDCAN_ConfigFifoWatermark            0x080010b1   Thumb Code    94  stm32h7xx_hal_fdcan.o(.text.HAL_FDCAN_ConfigFifoWatermark)
    HAL_FDCAN_ConfigFilter                   0x08001111   Thumb Code   140  stm32h7xx_hal_fdcan.o(.text.HAL_FDCAN_ConfigFilter)
    HAL_FDCAN_ConfigGlobalFilter             0x080011a1   Thumb Code    56  stm32h7xx_hal_fdcan.o(.text.HAL_FDCAN_ConfigGlobalFilter)
    HAL_FDCAN_DeInit                         0x080011d9   Thumb Code    44  stm32h7xx_hal_fdcan.o(.text.HAL_FDCAN_DeInit)
    HAL_FDCAN_ErrorCallback                  0x08001209   Thumb Code     2  stm32h7xx_hal_fdcan.o(.text.HAL_FDCAN_ErrorCallback)
    HAL_FDCAN_ErrorStatusCallback            0x08001211   Thumb Code    18  bsp_fdcan.o(.text.HAL_FDCAN_ErrorStatusCallback)
    HAL_FDCAN_GetRxMessage                   0x08001229   Thumb Code   486  stm32h7xx_hal_fdcan.o(.text.HAL_FDCAN_GetRxMessage)
    HAL_FDCAN_HighPriorityMessageCallback    0x08001411   Thumb Code     2  stm32h7xx_hal_fdcan.o(.text.HAL_FDCAN_HighPriorityMessageCallback)
    HAL_FDCAN_IRQHandler                     0x08001419   Thumb Code   820  stm32h7xx_hal_fdcan.o(.text.HAL_FDCAN_IRQHandler)
    HAL_FDCAN_Init                           0x08001751   Thumb Code  1020  stm32h7xx_hal_fdcan.o(.text.HAL_FDCAN_Init)
    HAL_FDCAN_MspDeInit                      0x08001b51   Thumb Code   166  fdcan.o(.text.HAL_FDCAN_MspDeInit)
    HAL_FDCAN_MspInit                        0x08001bf9   Thumb Code   346  fdcan.o(.text.HAL_FDCAN_MspInit)
    HAL_FDCAN_RxBufferNewMessageCallback     0x08001d59   Thumb Code     2  stm32h7xx_hal_fdcan.o(.text.HAL_FDCAN_RxBufferNewMessageCallback)
    HAL_FDCAN_RxFifo0Callback                0x08001d61   Thumb Code    36  bsp_fdcan.o(.text.HAL_FDCAN_RxFifo0Callback)
    HAL_FDCAN_RxFifo1Callback                0x08001d89   Thumb Code     2  stm32h7xx_hal_fdcan.o(.text.HAL_FDCAN_RxFifo1Callback)
    HAL_FDCAN_Start                          0x08001d91   Thumb Code    52  stm32h7xx_hal_fdcan.o(.text.HAL_FDCAN_Start)
    HAL_FDCAN_Stop                           0x08001dc9   Thumb Code   898  stm32h7xx_hal_fdcan.o(.text.HAL_FDCAN_Stop)
    HAL_FDCAN_TT_GlobalTimeCallback          0x08002151   Thumb Code     2  stm32h7xx_hal_fdcan.o(.text.HAL_FDCAN_TT_GlobalTimeCallback)
    HAL_FDCAN_TT_ScheduleSyncCallback        0x08002159   Thumb Code     2  stm32h7xx_hal_fdcan.o(.text.HAL_FDCAN_TT_ScheduleSyncCallback)
    HAL_FDCAN_TT_StopWatchCallback           0x08002161   Thumb Code     2  stm32h7xx_hal_fdcan.o(.text.HAL_FDCAN_TT_StopWatchCallback)
    HAL_FDCAN_TT_TimeMarkCallback            0x08002169   Thumb Code     2  stm32h7xx_hal_fdcan.o(.text.HAL_FDCAN_TT_TimeMarkCallback)
    HAL_FDCAN_TimeoutOccurredCallback        0x08002171   Thumb Code     2  stm32h7xx_hal_fdcan.o(.text.HAL_FDCAN_TimeoutOccurredCallback)
    HAL_FDCAN_TimestampWraparoundCallback    0x08002179   Thumb Code     2  stm32h7xx_hal_fdcan.o(.text.HAL_FDCAN_TimestampWraparoundCallback)
    HAL_FDCAN_TxBufferAbortCallback          0x08002181   Thumb Code     2  stm32h7xx_hal_fdcan.o(.text.HAL_FDCAN_TxBufferAbortCallback)
    HAL_FDCAN_TxBufferCompleteCallback       0x08002189   Thumb Code     2  stm32h7xx_hal_fdcan.o(.text.HAL_FDCAN_TxBufferCompleteCallback)
    HAL_FDCAN_TxEventFifoCallback            0x08002191   Thumb Code     2  stm32h7xx_hal_fdcan.o(.text.HAL_FDCAN_TxEventFifoCallback)
    HAL_FDCAN_TxFifoEmptyCallback            0x08002199   Thumb Code     2  stm32h7xx_hal_fdcan.o(.text.HAL_FDCAN_TxFifoEmptyCallback)
    HAL_GPIO_DeInit                          0x080021a1   Thumb Code   284  stm32h7xx_hal_gpio.o(.text.HAL_GPIO_DeInit)
    HAL_GPIO_Init                            0x080022c1   Thumb Code   422  stm32h7xx_hal_gpio.o(.text.HAL_GPIO_Init)
    HAL_GPIO_WritePin                        0x08002469   Thumb Code    10  stm32h7xx_hal_gpio.o(.text.HAL_GPIO_WritePin)
    HAL_GetTick                              0x08002479   Thumb Code    12  stm32h7xx_hal.o(.text.HAL_GetTick)
    HAL_IncTick                              0x08002489   Thumb Code    26  stm32h7xx_hal.o(.text.HAL_IncTick)
    HAL_Init                                 0x080024a9   Thumb Code   100  stm32h7xx_hal.o(.text.HAL_Init)
    HAL_InitTick                             0x08002511   Thumb Code    80  stm32h7xx_hal.o(.text.HAL_InitTick)
    HAL_MspInit                              0x08002561   Thumb Code    32  stm32h7xx_hal_msp.o(.text.HAL_MspInit)
    HAL_NVIC_DisableIRQ                      0x08002581   Thumb Code    42  stm32h7xx_hal_cortex.o(.text.HAL_NVIC_DisableIRQ)
    HAL_NVIC_EnableIRQ                       0x080025b1   Thumb Code    34  stm32h7xx_hal_cortex.o(.text.HAL_NVIC_EnableIRQ)
    HAL_NVIC_SetPriority                     0x080025d9   Thumb Code    90  stm32h7xx_hal_cortex.o(.text.HAL_NVIC_SetPriority)
    HAL_NVIC_SetPriorityGrouping             0x08002639   Thumb Code    32  stm32h7xx_hal_cortex.o(.text.HAL_NVIC_SetPriorityGrouping)
    HAL_PCDEx_ActivateLPM                    0x08002659   Thumb Code    38  stm32h7xx_hal_pcd_ex.o(.text.HAL_PCDEx_ActivateLPM)
    HAL_PCDEx_LPM_Callback                   0x08002681   Thumb Code     2  stm32h7xx_hal_pcd_ex.o(.text.HAL_PCDEx_LPM_Callback)
    HAL_PCDEx_SetRxFiFo                      0x08002689   Thumb Code     8  stm32h7xx_hal_pcd_ex.o(.text.HAL_PCDEx_SetRxFiFo)
    HAL_PCDEx_SetTxFiFo                      0x08002691   Thumb Code   206  stm32h7xx_hal_pcd_ex.o(.text.HAL_PCDEx_SetTxFiFo)
    HAL_PCD_ConnectCallback                  0x08002761   Thumb Code     8  usbd_conf.o(.text.HAL_PCD_ConnectCallback)
    HAL_PCD_DataInStageCallback              0x08002769   Thumb Code    18  usbd_conf.o(.text.HAL_PCD_DataInStageCallback)
    HAL_PCD_DataOutStageCallback             0x08002781   Thumb Code    20  usbd_conf.o(.text.HAL_PCD_DataOutStageCallback)
    HAL_PCD_DisconnectCallback               0x08002799   Thumb Code     8  usbd_conf.o(.text.HAL_PCD_DisconnectCallback)
    HAL_PCD_EP_Close                         0x080027a1   Thumb Code    80  stm32h7xx_hal_pcd.o(.text.HAL_PCD_EP_Close)
    HAL_PCD_EP_ClrStall                      0x080027f1   Thumb Code    94  stm32h7xx_hal_pcd.o(.text.HAL_PCD_EP_ClrStall)
    HAL_PCD_EP_GetRxCount                    0x08002851   Thumb Code    18  stm32h7xx_hal_pcd.o(.text.HAL_PCD_EP_GetRxCount)
    HAL_PCD_EP_Open                          0x08002869   Thumb Code   126  stm32h7xx_hal_pcd.o(.text.HAL_PCD_EP_Open)
    HAL_PCD_EP_Receive                       0x080028e9   Thumb Code    56  stm32h7xx_hal_pcd.o(.text.HAL_PCD_EP_Receive)
    HAL_PCD_EP_SetStall                      0x08002921   Thumb Code   108  stm32h7xx_hal_pcd.o(.text.HAL_PCD_EP_SetStall)
    HAL_PCD_EP_Transmit                      0x08002991   Thumb Code    60  stm32h7xx_hal_pcd.o(.text.HAL_PCD_EP_Transmit)
    HAL_PCD_IRQHandler                       0x080029d1   Thumb Code  2426  stm32h7xx_hal_pcd.o(.text.HAL_PCD_IRQHandler)
    HAL_PCD_ISOINIncompleteCallback          0x08003351   Thumb Code     8  usbd_conf.o(.text.HAL_PCD_ISOINIncompleteCallback)
    HAL_PCD_ISOOUTIncompleteCallback         0x08003359   Thumb Code     8  usbd_conf.o(.text.HAL_PCD_ISOOUTIncompleteCallback)
    HAL_PCD_Init                             0x08003361   Thumb Code   634  stm32h7xx_hal_pcd.o(.text.HAL_PCD_Init)
    HAL_PCD_MspInit                          0x080035e1   Thumb Code   114  usbd_conf.o(.text.HAL_PCD_MspInit)
    HAL_PCD_ResetCallback                    0x08003659   Thumb Code    42  usbd_conf.o(.text.HAL_PCD_ResetCallback)
    HAL_PCD_ResumeCallback                   0x08003689   Thumb Code     8  usbd_conf.o(.text.HAL_PCD_ResumeCallback)
    HAL_PCD_SOFCallback                      0x08003691   Thumb Code     8  usbd_conf.o(.text.HAL_PCD_SOFCallback)
    HAL_PCD_SetAddress                       0x08003699   Thumb Code    40  stm32h7xx_hal_pcd.o(.text.HAL_PCD_SetAddress)
    HAL_PCD_SetupStageCallback               0x080036c1   Thumb Code    14  usbd_conf.o(.text.HAL_PCD_SetupStageCallback)
    HAL_PCD_Start                            0x080036d1   Thumb Code    62  stm32h7xx_hal_pcd.o(.text.HAL_PCD_Start)
    HAL_PCD_SuspendCallback                  0x08003711   Thumb Code    52  usbd_conf.o(.text.HAL_PCD_SuspendCallback)
    HAL_PWREx_ConfigSupply                   0x08003749   Thumb Code    76  stm32h7xx_hal_pwr_ex.o(.text.HAL_PWREx_ConfigSupply)
    HAL_PWREx_EnableUSBVoltageDetector       0x08003799   Thumb Code    18  stm32h7xx_hal_pwr_ex.o(.text.HAL_PWREx_EnableUSBVoltageDetector)
    HAL_RCCEx_GetD3PCLK1Freq                 0x080037b1   Thumb Code    38  stm32h7xx_hal_rcc_ex.o(.text.HAL_RCCEx_GetD3PCLK1Freq)
    HAL_RCCEx_GetPLL2ClockFreq               0x080037d9   Thumb Code   280  stm32h7xx_hal_rcc_ex.o(.text.HAL_RCCEx_GetPLL2ClockFreq)
    HAL_RCCEx_GetPLL3ClockFreq               0x08003901   Thumb Code   280  stm32h7xx_hal_rcc_ex.o(.text.HAL_RCCEx_GetPLL3ClockFreq)
    HAL_RCCEx_PeriphCLKConfig                0x08003a29   Thumb Code  2688  stm32h7xx_hal_rcc_ex.o(.text.HAL_RCCEx_PeriphCLKConfig)
    HAL_RCC_ClockConfig                      0x080044a9   Thumb Code   596  stm32h7xx_hal_rcc.o(.text.HAL_RCC_ClockConfig)
    HAL_RCC_GetHCLKFreq                      0x08004701   Thumb Code    76  stm32h7xx_hal_rcc.o(.text.HAL_RCC_GetHCLKFreq)
    HAL_RCC_GetPCLK1Freq                     0x08004751   Thumb Code    96  stm32h7xx_hal_rcc.o(.text.HAL_RCC_GetPCLK1Freq)
    HAL_RCC_GetPCLK2Freq                     0x080047b1   Thumb Code    96  stm32h7xx_hal_rcc.o(.text.HAL_RCC_GetPCLK2Freq)
    HAL_RCC_GetSysClockFreq                  0x08004811   Thumb Code   264  stm32h7xx_hal_rcc.o(.text.HAL_RCC_GetSysClockFreq)
    HAL_RCC_OscConfig                        0x08004931   Thumb Code  1324  stm32h7xx_hal_rcc.o(.text.HAL_RCC_OscConfig)
    HAL_SYSTICK_Config                       0x08004e61   Thumb Code    46  stm32h7xx_hal_cortex.o(.text.HAL_SYSTICK_Config)
    HAL_TIMEx_Break2Callback                 0x08004e91   Thumb Code     2  stm32h7xx_hal_tim_ex.o(.text.HAL_TIMEx_Break2Callback)
    HAL_TIMEx_BreakCallback                  0x08004e99   Thumb Code     2  stm32h7xx_hal_tim_ex.o(.text.HAL_TIMEx_BreakCallback)
    HAL_TIMEx_CommutCallback                 0x08004ea1   Thumb Code     2  stm32h7xx_hal_tim_ex.o(.text.HAL_TIMEx_CommutCallback)
    HAL_TIMEx_MasterConfigSynchronization    0x08004ea9   Thumb Code   222  stm32h7xx_hal_tim_ex.o(.text.HAL_TIMEx_MasterConfigSynchronization)
    HAL_TIM_Base_Init                        0x08004f89   Thumb Code    96  stm32h7xx_hal_tim.o(.text.HAL_TIM_Base_Init)
    HAL_TIM_Base_MspInit                     0x08004fe9   Thumb Code   116  tim.o(.text.HAL_TIM_Base_MspInit)
    HAL_TIM_Base_Start_IT                    0x08005061   Thumb Code   220  stm32h7xx_hal_tim.o(.text.HAL_TIM_Base_Start_IT)
    HAL_TIM_ConfigClockSource                0x08005141   Thumb Code   512  stm32h7xx_hal_tim.o(.text.HAL_TIM_ConfigClockSource)
    HAL_TIM_IC_CaptureCallback               0x08005341   Thumb Code     2  stm32h7xx_hal_tim.o(.text.HAL_TIM_IC_CaptureCallback)
    HAL_TIM_IRQHandler                       0x08005349   Thumb Code   364  stm32h7xx_hal_tim.o(.text.HAL_TIM_IRQHandler)
    HAL_TIM_OC_DelayElapsedCallback          0x080054b9   Thumb Code     2  stm32h7xx_hal_tim.o(.text.HAL_TIM_OC_DelayElapsedCallback)
    HAL_TIM_PWM_PulseFinishedCallback        0x080054c1   Thumb Code     2  stm32h7xx_hal_tim.o(.text.HAL_TIM_PWM_PulseFinishedCallback)
    HAL_TIM_PeriodElapsedCallback            0x080054c9   Thumb Code   160  main.o(.text.HAL_TIM_PeriodElapsedCallback)
    HAL_TIM_TriggerCallback                  0x08005571   Thumb Code     2  stm32h7xx_hal_tim.o(.text.HAL_TIM_TriggerCallback)
    HAL_UARTEx_DisableFifoMode               0x08005579   Thumb Code    54  stm32h7xx_hal_uart_ex.o(.text.HAL_UARTEx_DisableFifoMode)
    HAL_UARTEx_SetRxFifoThreshold            0x080055b1   Thumb Code   140  stm32h7xx_hal_uart_ex.o(.text.HAL_UARTEx_SetRxFifoThreshold)
    HAL_UARTEx_SetTxFifoThreshold            0x08005641   Thumb Code   140  stm32h7xx_hal_uart_ex.o(.text.HAL_UARTEx_SetTxFifoThreshold)
    HAL_UART_Init                            0x080056d1   Thumb Code   100  stm32h7xx_hal_uart.o(.text.HAL_UART_Init)
    HAL_UART_MspInit                         0x08005739   Thumb Code   146  usart.o(.text.HAL_UART_MspInit)
    HardFault_Handler                        0x080057d1   Thumb Code     2  stm32h7xx_it.o(.text.HardFault_Handler)
    MX_FDCAN1_Init                           0x080057d9   Thumb Code   116  fdcan.o(.text.MX_FDCAN1_Init)
    MX_FDCAN2_Init                           0x08005851   Thumb Code   118  fdcan.o(.text.MX_FDCAN2_Init)
    MX_GPIO_Init                             0x080058c9   Thumb Code   160  gpio.o(.text.MX_GPIO_Init)
    MX_TIM3_Init                             0x08005969   Thumb Code   114  tim.o(.text.MX_TIM3_Init)
    MX_TIM4_Init                             0x080059e1   Thumb Code   114  tim.o(.text.MX_TIM4_Init)
    MX_USART1_UART_Init                      0x08005a59   Thumb Code   124  usart.o(.text.MX_USART1_UART_Init)
    MX_USB_DEVICE_Init                       0x08005ad9   Thumb Code   108  usb_device.o(.text.MX_USB_DEVICE_Init)
    MemManage_Handler                        0x08005b49   Thumb Code     2  stm32h7xx_it.o(.text.MemManage_Handler)
    NMI_Handler                              0x08005b51   Thumb Code     2  stm32h7xx_it.o(.text.NMI_Handler)
    OTG_HS_IRQHandler                        0x08005b59   Thumb Code    12  stm32h7xx_it.o(.text.OTG_HS_IRQHandler)
    PendSV_Handler                           0x08005b69   Thumb Code     2  stm32h7xx_it.o(.text.PendSV_Handler)
    SVC_Handler                              0x08005dc1   Thumb Code     2  stm32h7xx_it.o(.text.SVC_Handler)
    SysTick_Handler                          0x08005dc9   Thumb Code     4  stm32h7xx_it.o(.text.SysTick_Handler)
    SystemClock_Config                       0x08005dd1   Thumb Code   204  main.o(.text.SystemClock_Config)
    SystemInit                               0x08005ea1   Thumb Code   176  system_stm32h7xx.o(.text.SystemInit)
    TIM3_IRQHandler                          0x08005f51   Thumb Code    12  stm32h7xx_it.o(.text.TIM3_IRQHandler)
    TIM4_IRQHandler                          0x08005f61   Thumb Code    12  stm32h7xx_it.o(.text.TIM4_IRQHandler)
    TIM_Base_SetConfig                       0x08005f71   Thumb Code   376  stm32h7xx_hal_tim.o(.text.TIM_Base_SetConfig)
    UART_AdvFeatureConfig                    0x080060e9   Thumb Code   224  stm32h7xx_hal_uart.o(.text.UART_AdvFeatureConfig)
    UART_CheckIdleState                      0x080061c9   Thumb Code   366  stm32h7xx_hal_uart.o(.text.UART_CheckIdleState)
    UART_SetConfig                           0x08006339   Thumb Code  1176  stm32h7xx_hal_uart.o(.text.UART_SetConfig)
    UART_WaitOnFlagUntilTimeout              0x080067d9   Thumb Code   856  stm32h7xx_hal_uart.o(.text.UART_WaitOnFlagUntilTimeout)
    USBD_CDC_GetDeviceQualifierDescriptor    0x08006c81   Thumb Code    16  usbd_cdc.o(.text.USBD_CDC_GetDeviceQualifierDescriptor)
    USBD_CDC_ReceivePacket                   0x08006e69   Thumb Code    48  usbd_cdc.o(.text.USBD_CDC_ReceivePacket)
    USBD_CDC_RegisterInterface               0x08006e99   Thumb Code    24  usbd_cdc.o(.text.USBD_CDC_RegisterInterface)
    USBD_CDC_SetRxBuffer                     0x08006eb1   Thumb Code    28  usbd_cdc.o(.text.USBD_CDC_SetRxBuffer)
    USBD_CDC_SetTxBuffer                     0x08006ed1   Thumb Code    32  usbd_cdc.o(.text.USBD_CDC_SetTxBuffer)
    USBD_CDC_TransmitPacket                  0x08006fd9   Thumb Code    68  usbd_cdc.o(.text.USBD_CDC_TransmitPacket)
    USBD_ClrClassConfig                      0x08007021   Thumb Code    18  usbd_core.o(.text.USBD_ClrClassConfig)
    USBD_CoreFindEP                          0x08007039   Thumb Code     4  usbd_core.o(.text.USBD_CoreFindEP)
    USBD_CoreFindIF                          0x08007041   Thumb Code     4  usbd_core.o(.text.USBD_CoreFindIF)
    USBD_CtlContinueRx                       0x08007049   Thumb Code    16  usbd_ioreq.o(.text.USBD_CtlContinueRx)
    USBD_CtlContinueSendData                 0x08007059   Thumb Code    16  usbd_ioreq.o(.text.USBD_CtlContinueSendData)
    USBD_CtlError                            0x08007069   Thumb Code    22  usbd_ctlreq.o(.text.USBD_CtlError)
    USBD_CtlPrepareRx                        0x08007081   Thumb Code    30  usbd_ioreq.o(.text.USBD_CtlPrepareRx)
    USBD_CtlReceiveStatus                    0x080070a1   Thumb Code    22  usbd_ioreq.o(.text.USBD_CtlReceiveStatus)
    USBD_CtlSendData                         0x080070b9   Thumb Code    26  usbd_ioreq.o(.text.USBD_CtlSendData)
    USBD_CtlSendStatus                       0x080070d9   Thumb Code    22  usbd_ioreq.o(.text.USBD_CtlSendStatus)
    USBD_GetEpDesc                           0x080070f1   Thumb Code   132  usbd_core.o(.text.USBD_GetEpDesc)
    USBD_GetString                           0x08007179   Thumb Code   256  usbd_ctlreq.o(.text.USBD_GetString)
    USBD_HS_ConfigStrDescriptor              0x08007279   Thumb Code    24  usbd_desc.o(.text.USBD_HS_ConfigStrDescriptor)
    USBD_HS_DeviceDescriptor                 0x080072a1   Thumb Code    14  usbd_desc.o(.text.USBD_HS_DeviceDescriptor)
    USBD_HS_InterfaceStrDescriptor           0x080072b1   Thumb Code    24  usbd_desc.o(.text.USBD_HS_InterfaceStrDescriptor)
    USBD_HS_LangIDStrDescriptor              0x080072d9   Thumb Code    14  usbd_desc.o(.text.USBD_HS_LangIDStrDescriptor)
    USBD_HS_ManufacturerStrDescriptor        0x080072e9   Thumb Code    24  usbd_desc.o(.text.USBD_HS_ManufacturerStrDescriptor)
    USBD_HS_ProductStrDescriptor             0x08007319   Thumb Code    24  usbd_desc.o(.text.USBD_HS_ProductStrDescriptor)
    USBD_HS_SerialStrDescriptor              0x08007349   Thumb Code   364  usbd_desc.o(.text.USBD_HS_SerialStrDescriptor)
    USBD_Init                                0x080074b9   Thumb Code    40  usbd_core.o(.text.USBD_Init)
    USBD_LL_ClearStallEP                     0x080074e1   Thumb Code    34  usbd_conf.o(.text.USBD_LL_ClearStallEP)
    USBD_LL_CloseEP                          0x08007509   Thumb Code    34  usbd_conf.o(.text.USBD_LL_CloseEP)
    USBD_LL_DataInStage                      0x08007531   Thumb Code   180  usbd_core.o(.text.USBD_LL_DataInStage)
    USBD_LL_DataOutStage                     0x080075e9   Thumb Code   112  usbd_core.o(.text.USBD_LL_DataOutStage)
    USBD_LL_DevConnected                     0x08007659   Thumb Code     4  usbd_core.o(.text.USBD_LL_DevConnected)
    USBD_LL_DevDisconnected                  0x08007661   Thumb Code    32  usbd_core.o(.text.USBD_LL_DevDisconnected)
    USBD_LL_GetRxDataSize                    0x08007681   Thumb Code     8  usbd_conf.o(.text.USBD_LL_GetRxDataSize)
    USBD_LL_Init                             0x08007689   Thumb Code   114  usbd_conf.o(.text.USBD_LL_Init)
    USBD_LL_IsStallEP                        0x08007701   Thumb Code    42  usbd_conf.o(.text.USBD_LL_IsStallEP)
    USBD_LL_IsoINIncomplete                  0x08007731   Thumb Code    44  usbd_core.o(.text.USBD_LL_IsoINIncomplete)
    USBD_LL_IsoOUTIncomplete                 0x08007761   Thumb Code    44  usbd_core.o(.text.USBD_LL_IsoOUTIncomplete)
    USBD_LL_OpenEP                           0x08007791   Thumb Code    40  usbd_conf.o(.text.USBD_LL_OpenEP)
    USBD_LL_PrepareReceive                   0x080077b9   Thumb Code    34  usbd_conf.o(.text.USBD_LL_PrepareReceive)
    USBD_LL_Reset                            0x080077e1   Thumb Code    96  usbd_core.o(.text.USBD_LL_Reset)
    USBD_LL_Resume                           0x08007841   Thumb Code    20  usbd_core.o(.text.USBD_LL_Resume)
    USBD_LL_SOF                              0x08007859   Thumb Code    30  usbd_core.o(.text.USBD_LL_SOF)
    USBD_LL_SetSpeed                         0x08007879   Thumb Code     8  usbd_core.o(.text.USBD_LL_SetSpeed)
    USBD_LL_SetUSBAddress                    0x08007881   Thumb Code    34  usbd_conf.o(.text.USBD_LL_SetUSBAddress)
    USBD_LL_SetupStage                       0x080078a9   Thumb Code    98  usbd_core.o(.text.USBD_LL_SetupStage)
    USBD_LL_StallEP                          0x08007911   Thumb Code    34  usbd_conf.o(.text.USBD_LL_StallEP)
    USBD_LL_Start                            0x08007939   Thumb Code    34  usbd_conf.o(.text.USBD_LL_Start)
    USBD_LL_Suspend                          0x08007961   Thumb Code    28  usbd_core.o(.text.USBD_LL_Suspend)
    USBD_LL_Transmit                         0x08007981   Thumb Code    34  usbd_conf.o(.text.USBD_LL_Transmit)
    USBD_ParseSetupRequest                   0x080079a9   Thumb Code    22  usbd_ctlreq.o(.text.USBD_ParseSetupRequest)
    USBD_RegisterClass                       0x080079c1   Thumb Code    70  usbd_core.o(.text.USBD_RegisterClass)
    USBD_SetClassConfig                      0x08007a09   Thumb Code    16  usbd_core.o(.text.USBD_SetClassConfig)
    USBD_Start                               0x08007a19   Thumb Code     4  usbd_core.o(.text.USBD_Start)
    USBD_StdDevReq                           0x08007a21   Thumb Code   898  usbd_ctlreq.o(.text.USBD_StdDevReq)
    USBD_StdEPReq                            0x08007da9   Thumb Code   358  usbd_ctlreq.o(.text.USBD_StdEPReq)
    USBD_StdItfReq                           0x08007f11   Thumb Code   112  usbd_ctlreq.o(.text.USBD_StdItfReq)
    USBD_static_free                         0x08007f81   Thumb Code     2  usbd_conf.o(.text.USBD_static_free)
    USBD_static_malloc                       0x08007f89   Thumb Code    10  usbd_conf.o(.text.USBD_static_malloc)
    USB_ActivateEndpoint                     0x08007f99   Thumb Code   134  stm32h7xx_ll_usb.o(.text.USB_ActivateEndpoint)
    USB_ActivateSetup                        0x08008021   Thumb Code    32  stm32h7xx_ll_usb.o(.text.USB_ActivateSetup)
    USB_CoreInit                             0x08008041   Thumb Code   558  stm32h7xx_ll_usb.o(.text.USB_CoreInit)
    USB_DeactivateEndpoint                   0x08008271   Thumb Code   124  stm32h7xx_ll_usb.o(.text.USB_DeactivateEndpoint)
    USB_DevConnect                           0x080082f1   Thumb Code    30  stm32h7xx_ll_usb.o(.text.USB_DevConnect)
    USB_DevDisconnect                        0x08008311   Thumb Code    30  stm32h7xx_ll_usb.o(.text.USB_DevDisconnect)
    USB_DevInit                              0x08008331   Thumb Code  1196  stm32h7xx_ll_usb.o(.text.USB_DevInit)
    USB_DisableGlobalInt                     0x080087e1   Thumb Code    14  stm32h7xx_ll_usb.o(.text.USB_DisableGlobalInt)
    USB_EP0_OutStart                         0x080087f1   Thumb Code    90  stm32h7xx_ll_usb.o(.text.USB_EP0_OutStart)
    USB_EPClearStall                         0x08008851   Thumb Code    82  stm32h7xx_ll_usb.o(.text.USB_EPClearStall)
    USB_EPSetStall                           0x080088a9   Thumb Code    64  stm32h7xx_ll_usb.o(.text.USB_EPSetStall)
    USB_EPStartXfer                          0x080088e9   Thumb Code   578  stm32h7xx_ll_usb.o(.text.USB_EPStartXfer)
    USB_EPStopXfer                           0x08008b31   Thumb Code   270  stm32h7xx_ll_usb.o(.text.USB_EPStopXfer)
    USB_EnableGlobalInt                      0x08008c41   Thumb Code    14  stm32h7xx_ll_usb.o(.text.USB_EnableGlobalInt)
    USB_FlushTxFifo                          0x08008c51   Thumb Code   190  stm32h7xx_ll_usb.o(.text.USB_FlushTxFifo)
    USB_GetDevSpeed                          0x08008d11   Thumb Code    26  stm32h7xx_ll_usb.o(.text.USB_GetDevSpeed)
    USB_GetMode                              0x08008d31   Thumb Code     8  stm32h7xx_ll_usb.o(.text.USB_GetMode)
    USB_ReadDevAllInEpInterrupt              0x08008d39   Thumb Code    14  stm32h7xx_ll_usb.o(.text.USB_ReadDevAllInEpInterrupt)
    USB_ReadDevAllOutEpInterrupt             0x08008d49   Thumb Code    14  stm32h7xx_ll_usb.o(.text.USB_ReadDevAllOutEpInterrupt)
    USB_ReadDevInEPInterrupt                 0x08008d59   Thumb Code    36  stm32h7xx_ll_usb.o(.text.USB_ReadDevInEPInterrupt)
    USB_ReadDevOutEPInterrupt                0x08008d81   Thumb Code    16  stm32h7xx_ll_usb.o(.text.USB_ReadDevOutEPInterrupt)
    USB_ReadInterrupts                       0x08008d91   Thumb Code     8  stm32h7xx_ll_usb.o(.text.USB_ReadInterrupts)
    USB_ReadPacket                           0x08008d99   Thumb Code   174  stm32h7xx_ll_usb.o(.text.USB_ReadPacket)
    USB_SetCurrentMode                       0x08008e49   Thumb Code   872  stm32h7xx_ll_usb.o(.text.USB_SetCurrentMode)
    USB_SetDevAddress                        0x080091b1   Thumb Code    34  stm32h7xx_ll_usb.o(.text.USB_SetDevAddress)
    USB_SetTurnaroundTime                    0x080091d9   Thumb Code   280  stm32h7xx_ll_usb.o(.text.USB_SetTurnaroundTime)
    USB_WritePacket                          0x080092f1   Thumb Code   120  stm32h7xx_ll_usb.o(.text.USB_WritePacket)
    UsageFault_Handler                       0x08009369   Thumb Code     2  stm32h7xx_it.o(.text.UsageFault_Handler)
    bsp_can_init                             0x08009371   Thumb Code   152  bsp_fdcan.o(.text.bsp_can_init)
    bsp_fdcan_set_baud                       0x08009409   Thumb Code   192  bsp_fdcan.o(.text.bsp_fdcan_set_baud)
    dm_motor_ctrl_send                       0x08009531   Thumb Code   412  dm_motor_drv.o(.text.dm_motor_ctrl_send)
    dm_motor_enable                          0x080096e1   Thumb Code   108  dm_motor_drv.o(.text.dm_motor_enable)
    dm_motor_fbdata                          0x08009751   Thumb Code   192  dm_motor_drv.o(.text.dm_motor_fbdata)
    dm_motor_init                            0x08009819   Thumb Code    86  dm_motor_ctrl.o(.text.dm_motor_init)
    fdcan1_rx_callback                       0x08009871   Thumb Code    90  dm_motor_ctrl.o(.text.fdcan1_rx_callback)
    fdcan2_rx_callback                       0x080098d1   Thumb Code    98  dm_motor_ctrl.o(.text.fdcan2_rx_callback)
    fdcanx_receive                           0x08009939   Thumb Code    64  bsp_fdcan.o(.text.fdcanx_receive)
    fdcanx_send_data                         0x08009981   Thumb Code   180  bsp_fdcan.o(.text.fdcanx_send_data)
    main                                     0x08009a39   Thumb Code   320  main.o(.text.main)
    receive_motor_data                       0x08009bb1   Thumb Code   588  dm_motor_ctrl.o(.text.receive_motor_data)
    _btod_d2e                                0x08009dfd   Thumb Code    62  btod.o(CL$$btod_d2e)
    _d2e_denorm_low                          0x08009e3b   Thumb Code    70  btod.o(CL$$btod_d2e_denorm_low)
    _d2e_norm_op1                            0x08009e81   Thumb Code    96  btod.o(CL$$btod_d2e_norm_op1)
    __btod_div_common                        0x08009ee1   Thumb Code   696  btod.o(CL$$btod_div_common)
    _e2e                                     0x0800a219   Thumb Code   220  btod.o(CL$$btod_e2e)
    _btod_ediv                               0x0800a2f5   Thumb Code    42  btod.o(CL$$btod_ediv)
    _btod_emul                               0x0800a31f   Thumb Code    42  btod.o(CL$$btod_emul)
    __btod_mult_common                       0x0800a349   Thumb Code   580  btod.o(CL$$btod_mult_common)
    __ARM_fpclassify                         0x0800a58d   Thumb Code    48  fpclassify.o(i.__ARM_fpclassify)
    _is_digit                                0x0800a5bd   Thumb Code    14  __printf_wp.o(i._is_digit)
    _get_lc_numeric                          0x0800a5cd   Thumb Code    44  lc_numeric_c.o(locale$$code)
    _fp_init                                 0x0800a5f9   Thumb Code    26  fpinit.o(x$fpl$fpinit)
    __fplib_config_fpu_vfp                   0x0800a611   Thumb Code     0  fpinit.o(x$fpl$fpinit)
    __fplib_config_pureend_doubles           0x0800a611   Thumb Code     0  fpinit.o(x$fpl$fpinit)
    _printf_fp_dec                           0x0800a613   Thumb Code     4  printf1.o(x$fpl$printf1)
    __I$use$fp                               0x0800a616   Number         0  usenofp.o(x$fpl$usenofp)
    D1CorePrescTable                         0x0800a704   Data          16  system_stm32h7xx.o(.rodata.D1CorePrescTable)
    UARTPrescTable                           0x0800a714   Data          24  stm32h7xx_hal_uart.o(.rodata.UARTPrescTable)
    Region$$Table$$Base                      0x0800a74c   Number         0  anon$$obj.o(Region$$Table)
    Region$$Table$$Limit                     0x0800a76c   Number         0  anon$$obj.o(Region$$Table)
    uwTickFreq                               0x24000000   Data           1  stm32h7xx_hal.o(.data..L_MergedGlobals)
    uwTickPrio                               0x24000004   Data           4  stm32h7xx_hal.o(.data..L_MergedGlobals)
    SystemCoreClock                          0x24000008   Data           4  system_stm32h7xx.o(.data..L_MergedGlobals)
    SystemD2Clock                            0x2400000c   Data           4  system_stm32h7xx.o(.data..L_MergedGlobals)
    HS_Desc                                  0x24000010   Data          32  usbd_desc.o(.data.HS_Desc)
    USBD_CDC                                 0x24000030   Data          56  usbd_cdc.o(.data.USBD_CDC)
    USBD_HS_DeviceDesc                       0x240000b8   Data          18  usbd_desc.o(.data.USBD_HS_DeviceDesc)
    USBD_Interface_fops_HS                   0x240000cc   Data          20  usbd_cdc_if.o(.data.USBD_Interface_fops_HS)
    USBD_LangIDDesc                          0x240000e0   Data           4  usbd_desc.o(.data.USBD_LangIDDesc)
    USBD_StringSerial                        0x240000e4   Data          26  usbd_desc.o(.data.USBD_StringSerial)
    __libspace_start                         0x24000100   Data          96  libspace.o(.bss)
    __temporary_stack_top$libspace           0x24000160   Data           0  libspace.o(.bss)
    zero_calibrated                          0x24000160   Data           1  main.o(.bss..L_MergedGlobals)
    offset_motor1                            0x24000164   Data           4  main.o(.bss..L_MergedGlobals)
    offset_motor2                            0x24000168   Data           4  main.o(.bss..L_MergedGlobals)
    last_usb_tx_time                         0x2400016c   Data           4  main.o(.bss..L_MergedGlobals)
    USBD_StrDesc                             0x24000178   Data         512  usbd_desc.o(.bss.USBD_StrDesc)
    UserRxBufferHS                           0x24000598   Data        2048  usbd_cdc_if.o(.bss.UserRxBufferHS)
    UserTxBufferHS                           0x24000d98   Data        2048  usbd_cdc_if.o(.bss.UserTxBufferHS)
    hUsbDeviceHS                             0x24001598   Data         732  usb_device.o(.bss.hUsbDeviceHS)
    hfdcan1                                  0x24001874   Data         160  fdcan.o(.bss.hfdcan1)
    hfdcan2                                  0x24001914   Data         160  fdcan.o(.bss.hfdcan2)
    hpcd_USB_OTG_HS                          0x240019b4   Data        1252  usbd_conf.o(.bss.hpcd_USB_OTG_HS)
    htim3                                    0x24001e98   Data          76  tim.o(.bss.htim3)
    htim4                                    0x24001ee4   Data          76  tim.o(.bss.htim4)
    huart1                                   0x24001f30   Data         148  usart.o(.bss.huart1)
    motor                                    0x24001fc4   Data        2720  dm_motor_ctrl.o(.bss.motor)
    usb_tx_buf                               0x24002a64   Data         128  main.o(.bss.usb_tx_buf)
    uwTick                                   0x24002ae4   Data           4  stm32h7xx_hal.o(.bss.uwTick)



==============================================================================

Memory Map of the image

  Image Entry point : 0x080002cd

  Load Region LR_IROM1 (Base: 0x08000000, Size: 0x0000a888, Max: 0x00100000, ABSOLUTE)

    Execution Region ER_IROM1 (Exec base: 0x08000000, Load base: 0x08000000, Size: 0x0000a788, Max: 0x00100000, ABSOLUTE)

    Exec Addr    Load Addr    Size         Type   Attr      Idx    E Section Name        Object

    0x08000000   0x08000000   0x000002cc   Data   RO            3    RESET               startup_stm32h723xx.o
    0x080002cc   0x080002cc   0x00000008   Code   RO         2320  * !!!main             c_w.l(__main.o)
    0x080002d4   0x080002d4   0x0000005c   Code   RO         2558    !!!scatter          c_w.l(__scatter.o)
    0x08000330   0x08000330   0x0000001a   Code   RO         2562    !!handler_copy      c_w.l(__scatter_copy.o)
    0x0800034a   0x0800034a   0x00000002   PAD
    0x0800034c   0x0800034c   0x00000002   Code   RO         2559    !!handler_null      c_w.l(__scatter.o)
    0x0800034e   0x0800034e   0x00000002   PAD
    0x08000350   0x08000350   0x0000001c   Code   RO         2564    !!handler_zi        c_w.l(__scatter_zi.o)
    0x0800036c   0x0800036c   0x00000000   Code   RO         2315    .ARM.Collect$$_printf_percent$$00000000  c_w.l(_printf_percent.o)
    0x0800036c   0x0800036c   0x00000006   Code   RO         2314    .ARM.Collect$$_printf_percent$$00000003  c_w.l(_printf_f.o)
    0x08000372   0x08000372   0x00000004   Code   RO         2337    .ARM.Collect$$_printf_percent$$00000017  c_w.l(_printf_percent_end.o)
    0x08000376   0x08000376   0x00000002   Code   RO         2421    .ARM.Collect$$libinit$$00000000  c_w.l(libinit.o)
    0x08000378   0x08000378   0x00000004   Code   RO         2422    .ARM.Collect$$libinit$$00000001  c_w.l(libinit2.o)
    0x0800037c   0x0800037c   0x00000000   Code   RO         2425    .ARM.Collect$$libinit$$00000004  c_w.l(libinit2.o)
    0x0800037c   0x0800037c   0x00000000   Code   RO         2427    .ARM.Collect$$libinit$$00000006  c_w.l(libinit2.o)
    0x0800037c   0x0800037c   0x00000000   Code   RO         2430    .ARM.Collect$$libinit$$0000000C  c_w.l(libinit2.o)
    0x0800037c   0x0800037c   0x00000000   Code   RO         2432    .ARM.Collect$$libinit$$0000000E  c_w.l(libinit2.o)
    0x0800037c   0x0800037c   0x00000000   Code   RO         2434    .ARM.Collect$$libinit$$00000010  c_w.l(libinit2.o)
    0x0800037c   0x0800037c   0x00000006   Code   RO         2435    .ARM.Collect$$libinit$$00000011  c_w.l(libinit2.o)
    0x08000382   0x08000382   0x00000000   Code   RO         2437    .ARM.Collect$$libinit$$00000013  c_w.l(libinit2.o)
    0x08000382   0x08000382   0x00000000   Code   RO         2439    .ARM.Collect$$libinit$$00000015  c_w.l(libinit2.o)
    0x08000382   0x08000382   0x00000000   Code   RO         2441    .ARM.Collect$$libinit$$00000017  c_w.l(libinit2.o)
    0x08000382   0x08000382   0x0000000a   Code   RO         2442    .ARM.Collect$$libinit$$00000018  c_w.l(libinit2.o)
    0x0800038c   0x0800038c   0x00000000   Code   RO         2443    .ARM.Collect$$libinit$$00000019  c_w.l(libinit2.o)
    0x0800038c   0x0800038c   0x00000000   Code   RO         2445    .ARM.Collect$$libinit$$0000001B  c_w.l(libinit2.o)
    0x0800038c   0x0800038c   0x00000000   Code   RO         2447    .ARM.Collect$$libinit$$0000001D  c_w.l(libinit2.o)
    0x0800038c   0x0800038c   0x00000000   Code   RO         2449    .ARM.Collect$$libinit$$0000001F  c_w.l(libinit2.o)
    0x0800038c   0x0800038c   0x00000000   Code   RO         2451    .ARM.Collect$$libinit$$00000021  c_w.l(libinit2.o)
    0x0800038c   0x0800038c   0x00000000   Code   RO         2453    .ARM.Collect$$libinit$$00000023  c_w.l(libinit2.o)
    0x0800038c   0x0800038c   0x00000000   Code   RO         2455    .ARM.Collect$$libinit$$00000025  c_w.l(libinit2.o)
    0x0800038c   0x0800038c   0x00000000   Code   RO         2457    .ARM.Collect$$libinit$$00000027  c_w.l(libinit2.o)
    0x0800038c   0x0800038c   0x00000000   Code   RO         2461    .ARM.Collect$$libinit$$0000002E  c_w.l(libinit2.o)
    0x0800038c   0x0800038c   0x00000000   Code   RO         2463    .ARM.Collect$$libinit$$00000030  c_w.l(libinit2.o)
    0x0800038c   0x0800038c   0x00000000   Code   RO         2465    .ARM.Collect$$libinit$$00000032  c_w.l(libinit2.o)
    0x0800038c   0x0800038c   0x00000000   Code   RO         2467    .ARM.Collect$$libinit$$00000034  c_w.l(libinit2.o)
    0x0800038c   0x0800038c   0x00000002   Code   RO         2468    .ARM.Collect$$libinit$$00000035  c_w.l(libinit2.o)
    0x0800038e   0x0800038e   0x00000002   Code   RO         2523    .ARM.Collect$$libshutdown$$00000000  c_w.l(libshutdown.o)
    0x08000390   0x08000390   0x00000000   Code   RO         2541    .ARM.Collect$$libshutdown$$00000002  c_w.l(libshutdown2.o)
    0x08000390   0x08000390   0x00000000   Code   RO         2543    .ARM.Collect$$libshutdown$$00000004  c_w.l(libshutdown2.o)
    0x08000390   0x08000390   0x00000000   Code   RO         2546    .ARM.Collect$$libshutdown$$00000007  c_w.l(libshutdown2.o)
    0x08000390   0x08000390   0x00000000   Code   RO         2549    .ARM.Collect$$libshutdown$$0000000A  c_w.l(libshutdown2.o)
    0x08000390   0x08000390   0x00000000   Code   RO         2551    .ARM.Collect$$libshutdown$$0000000C  c_w.l(libshutdown2.o)
    0x08000390   0x08000390   0x00000000   Code   RO         2554    .ARM.Collect$$libshutdown$$0000000F  c_w.l(libshutdown2.o)
    0x08000390   0x08000390   0x00000002   Code   RO         2555    .ARM.Collect$$libshutdown$$00000010  c_w.l(libshutdown2.o)
    0x08000392   0x08000392   0x00000000   Code   RO         2324    .ARM.Collect$$rtentry$$00000000  c_w.l(__rtentry.o)
    0x08000392   0x08000392   0x00000000   Code   RO         2339    .ARM.Collect$$rtentry$$00000002  c_w.l(__rtentry2.o)
    0x08000392   0x08000392   0x00000006   Code   RO         2351    .ARM.Collect$$rtentry$$00000004  c_w.l(__rtentry4.o)
    0x08000398   0x08000398   0x00000000   Code   RO         2341    .ARM.Collect$$rtentry$$00000009  c_w.l(__rtentry2.o)
    0x08000398   0x08000398   0x00000004   Code   RO         2342    .ARM.Collect$$rtentry$$0000000A  c_w.l(__rtentry2.o)
    0x0800039c   0x0800039c   0x00000000   Code   RO         2344    .ARM.Collect$$rtentry$$0000000C  c_w.l(__rtentry2.o)
    0x0800039c   0x0800039c   0x00000008   Code   RO         2345    .ARM.Collect$$rtentry$$0000000D  c_w.l(__rtentry2.o)
    0x080003a4   0x080003a4   0x00000002   Code   RO         2469    .ARM.Collect$$rtexit$$00000000  c_w.l(rtexit.o)
    0x080003a6   0x080003a6   0x00000000   Code   RO         2488    .ARM.Collect$$rtexit$$00000002  c_w.l(rtexit2.o)
    0x080003a6   0x080003a6   0x00000004   Code   RO         2489    .ARM.Collect$$rtexit$$00000003  c_w.l(rtexit2.o)
    0x080003aa   0x080003aa   0x00000006   Code   RO         2490    .ARM.Collect$$rtexit$$00000004  c_w.l(rtexit2.o)
    0x080003b0   0x080003b0   0x00000040   Code   RO            4    .text               startup_stm32h723xx.o
    0x080003f0   0x080003f0   0x000000f0   Code   RO         2286    .text               c_w.l(lludivv7m.o)
    0x080004e0   0x080004e0   0x00000040   Code   RO         2288    .text               c_w.l(__2snprintf.o)
    0x08000520   0x08000520   0x0000010e   Code   RO         2302    .text               c_w.l(__printf_wp.o)
    0x0800062e   0x0800062e   0x0000004e   Code   RO         2316    .text               c_w.l(rt_memclr_w.o)
    0x0800067c   0x0800067c   0x00000006   Code   RO         2318    .text               c_w.l(heapauxi.o)
    0x08000682   0x08000682   0x0000041c   Code   RO         2329    .text               c_w.l(_printf_fp_dec.o)
    0x08000a9e   0x08000a9e   0x00000002   PAD
    0x08000aa0   0x08000aa0   0x00000030   Code   RO         2333    .text               c_w.l(_printf_char_common.o)
    0x08000ad0   0x08000ad0   0x00000010   Code   RO         2335    .text               c_w.l(_snputc.o)
    0x08000ae0   0x08000ae0   0x00000008   Code   RO         2358    .text               c_w.l(rt_locale_intlibspace.o)
    0x08000ae8   0x08000ae8   0x0000008a   Code   RO         2360    .text               c_w.l(lludiv10.o)
    0x08000b72   0x08000b72   0x00000002   PAD
    0x08000b74   0x08000b74   0x00000080   Code   RO         2362    .text               c_w.l(_printf_fp_infnan.o)
    0x08000bf4   0x08000bf4   0x000000e4   Code   RO         2366    .text               c_w.l(bigflt0.o)
    0x08000cd8   0x08000cd8   0x00000008   Code   RO         2401    .text               c_w.l(libspace.o)
    0x08000ce0   0x08000ce0   0x0000004a   Code   RO         2404    .text               c_w.l(sys_stackheap_outer.o)
    0x08000d2a   0x08000d2a   0x00000012   Code   RO         2408    .text               c_w.l(exit.o)
    0x08000d3c   0x08000d3c   0x00000004   PAD
    0x08000d40   0x08000d40   0x0000007c   Code   RO         2414    .text               c_w.l(strcmpv7m_pel.o)
    0x08000dbc   0x08000dbc   0x0000000c   Code   RO         2483    .text               c_w.l(sys_exit.o)
    0x08000dc8   0x08000dc8   0x00000002   Code   RO         2510    .text               c_w.l(use_no_semi.o)
    0x08000dca   0x08000dca   0x00000000   Code   RO         2512    .text               c_w.l(indicate_semi.o)
    0x08000dca   0x08000dca   0x00000006   PAD
    0x08000dd0   0x08000dd0   0x00000002   Code   RO           98    .text.BusFault_Handler  stm32h7xx_it.o
    0x08000dd2   0x08000dd2   0x00000006   PAD
    0x08000dd8   0x08000dd8   0x00000004   Code   RO         2054    .text.CDC_Control_HS  usbd_cdc_if.o
    0x08000ddc   0x08000ddc   0x00000004   PAD
    0x08000de0   0x08000de0   0x00000004   Code   RO         2052    .text.CDC_DeInit_HS  usbd_cdc_if.o
    0x08000de4   0x08000de4   0x00000004   PAD
    0x08000de8   0x08000de8   0x0000002c   Code   RO         2050    .text.CDC_Init_HS   usbd_cdc_if.o
    0x08000e14   0x08000e14   0x00000004   PAD
    0x08000e18   0x08000e18   0x0000001c   Code   RO         2056    .text.CDC_Receive_HS  usbd_cdc_if.o
    0x08000e34   0x08000e34   0x00000004   PAD
    0x08000e38   0x08000e38   0x00000004   Code   RO         2058    .text.CDC_TransmitCplt_HS  usbd_cdc_if.o
    0x08000e3c   0x08000e3c   0x00000004   PAD
    0x08000e40   0x08000e40   0x00000044   Code   RO         2060    .text.CDC_Transmit_HS  usbd_cdc_if.o
    0x08000e84   0x08000e84   0x00000004   PAD
    0x08000e88   0x08000e88   0x00000002   Code   RO          104    .text.DebugMon_Handler  stm32h7xx_it.o
    0x08000e8a   0x08000e8a   0x00000006   PAD
    0x08000e90   0x08000e90   0x0000000a   Code   RO           17    .text.Error_Handler  main.o
    0x08000e9a   0x08000e9a   0x00000006   PAD
    0x08000ea0   0x08000ea0   0x0000000c   Code   RO          110    .text.FDCAN1_IT0_IRQHandler  stm32h7xx_it.o
    0x08000eac   0x08000eac   0x00000004   PAD
    0x08000eb0   0x08000eb0   0x0000000c   Code   RO          114    .text.FDCAN1_IT1_IRQHandler  stm32h7xx_it.o
    0x08000ebc   0x08000ebc   0x00000004   PAD
    0x08000ec0   0x08000ec0   0x0000000c   Code   RO          112    .text.FDCAN2_IT0_IRQHandler  stm32h7xx_it.o
    0x08000ecc   0x08000ecc   0x00000004   PAD
    0x08000ed0   0x08000ed0   0x0000000c   Code   RO          116    .text.FDCAN2_IT1_IRQHandler  stm32h7xx_it.o
    0x08000edc   0x08000edc   0x00000004   PAD
    0x08000ee0   0x08000ee0   0x0000001e   Code   RO          122    .text.FDCAN_CAL_IRQHandler  stm32h7xx_it.o
    0x08000efe   0x08000efe   0x00000002   PAD
    0x08000f00   0x08000f00   0x00000028   Code   RO          868    .text.HAL_Delay     stm32h7xx_hal.o
    0x08000f28   0x08000f28   0x0000008a   Code   RO         1314    .text.HAL_FDCAN_ActivateNotification  stm32h7xx_hal_fdcan.o
    0x08000fb2   0x08000fb2   0x00000006   PAD
    0x08000fb8   0x08000fb8   0x000000ea   Code   RO         1236    .text.HAL_FDCAN_AddMessageToTxFifoQ  stm32h7xx_hal_fdcan.o
    0x080010a2   0x080010a2   0x00000006   PAD
    0x080010a8   0x080010a8   0x00000002   Code   RO         1328    .text.HAL_FDCAN_ClockCalibrationCallback  stm32h7xx_hal_fdcan.o
    0x080010aa   0x080010aa   0x00000006   PAD
    0x080010b0   0x080010b0   0x0000005e   Code   RO         1196    .text.HAL_FDCAN_ConfigFifoWatermark  stm32h7xx_hal_fdcan.o
    0x0800110e   0x0800110e   0x00000002   PAD
    0x08001110   0x08001110   0x0000008c   Code   RO         1188    .text.HAL_FDCAN_ConfigFilter  stm32h7xx_hal_fdcan.o
    0x0800119c   0x0800119c   0x00000004   PAD
    0x080011a0   0x080011a0   0x00000038   Code   RO         1190    .text.HAL_FDCAN_ConfigGlobalFilter  stm32h7xx_hal_fdcan.o
    0x080011d8   0x080011d8   0x0000002c   Code   RO         1170    .text.HAL_FDCAN_DeInit  stm32h7xx_hal_fdcan.o
    0x08001204   0x08001204   0x00000004   PAD
    0x08001208   0x08001208   0x00000002   Code   RO         1356    .text.HAL_FDCAN_ErrorCallback  stm32h7xx_hal_fdcan.o
    0x0800120a   0x0800120a   0x00000006   PAD
    0x08001210   0x08001210   0x00000012   Code   RO         1934    .text.HAL_FDCAN_ErrorStatusCallback  bsp_fdcan.o
    0x08001222   0x08001222   0x00000006   PAD
    0x08001228   0x08001228   0x000001e6   Code   RO         1246    .text.HAL_FDCAN_GetRxMessage  stm32h7xx_hal_fdcan.o
    0x0800140e   0x0800140e   0x00000002   PAD
    0x08001410   0x08001410   0x00000002   Code   RO         1324    .text.HAL_FDCAN_HighPriorityMessageCallback  stm32h7xx_hal_fdcan.o
    0x08001412   0x08001412   0x00000006   PAD
    0x08001418   0x08001418   0x00000334   Code   RO         1322    .text.HAL_FDCAN_IRQHandler  stm32h7xx_hal_fdcan.o
    0x0800174c   0x0800174c   0x00000004   PAD
    0x08001750   0x08001750   0x000003fc   Code   RO         1166    .text.HAL_FDCAN_Init  stm32h7xx_hal_fdcan.o
    0x08001b4c   0x08001b4c   0x00000004   PAD
    0x08001b50   0x08001b50   0x000000a6   Code   RO           45    .text.HAL_FDCAN_MspDeInit  fdcan.o
    0x08001bf6   0x08001bf6   0x00000002   PAD
    0x08001bf8   0x08001bf8   0x0000015a   Code   RO           43    .text.HAL_FDCAN_MspInit  fdcan.o
    0x08001d52   0x08001d52   0x00000006   PAD
    0x08001d58   0x08001d58   0x00000002   Code   RO         1340    .text.HAL_FDCAN_RxBufferNewMessageCallback  stm32h7xx_hal_fdcan.o
    0x08001d5a   0x08001d5a   0x00000006   PAD
    0x08001d60   0x08001d60   0x00000024   Code   RO         1932    .text.HAL_FDCAN_RxFifo0Callback  bsp_fdcan.o
    0x08001d84   0x08001d84   0x00000004   PAD
    0x08001d88   0x08001d88   0x00000002   Code   RO         1334    .text.HAL_FDCAN_RxFifo1Callback  stm32h7xx_hal_fdcan.o
    0x08001d8a   0x08001d8a   0x00000006   PAD
    0x08001d90   0x08001d90   0x00000034   Code   RO         1234    .text.HAL_FDCAN_Start  stm32h7xx_hal_fdcan.o
    0x08001dc4   0x08001dc4   0x00000004   PAD
    0x08001dc8   0x08001dc8   0x00000382   Code   RO         1172    .text.HAL_FDCAN_Stop  stm32h7xx_hal_fdcan.o
    0x0800214a   0x0800214a   0x00000006   PAD
    0x08002150   0x08002150   0x00000002   Code   RO         1354    .text.HAL_FDCAN_TT_GlobalTimeCallback  stm32h7xx_hal_fdcan.o
    0x08002152   0x08002152   0x00000006   PAD
    0x08002158   0x08002158   0x00000002   Code   RO         1348    .text.HAL_FDCAN_TT_ScheduleSyncCallback  stm32h7xx_hal_fdcan.o
    0x0800215a   0x0800215a   0x00000006   PAD
    0x08002160   0x08002160   0x00000002   Code   RO         1352    .text.HAL_FDCAN_TT_StopWatchCallback  stm32h7xx_hal_fdcan.o
    0x08002162   0x08002162   0x00000006   PAD
    0x08002168   0x08002168   0x00000002   Code   RO         1350    .text.HAL_FDCAN_TT_TimeMarkCallback  stm32h7xx_hal_fdcan.o
    0x0800216a   0x0800216a   0x00000006   PAD
    0x08002170   0x08002170   0x00000002   Code   RO         1344    .text.HAL_FDCAN_TimeoutOccurredCallback  stm32h7xx_hal_fdcan.o
    0x08002172   0x08002172   0x00000006   PAD
    0x08002178   0x08002178   0x00000002   Code   RO         1342    .text.HAL_FDCAN_TimestampWraparoundCallback  stm32h7xx_hal_fdcan.o
    0x0800217a   0x0800217a   0x00000006   PAD
    0x08002180   0x08002180   0x00000002   Code   RO         1326    .text.HAL_FDCAN_TxBufferAbortCallback  stm32h7xx_hal_fdcan.o
    0x08002182   0x08002182   0x00000006   PAD
    0x08002188   0x08002188   0x00000002   Code   RO         1338    .text.HAL_FDCAN_TxBufferCompleteCallback  stm32h7xx_hal_fdcan.o
    0x0800218a   0x0800218a   0x00000006   PAD
    0x08002190   0x08002190   0x00000002   Code   RO         1330    .text.HAL_FDCAN_TxEventFifoCallback  stm32h7xx_hal_fdcan.o
    0x08002192   0x08002192   0x00000006   PAD
    0x08002198   0x08002198   0x00000002   Code   RO         1336    .text.HAL_FDCAN_TxFifoEmptyCallback  stm32h7xx_hal_fdcan.o
    0x0800219a   0x0800219a   0x00000006   PAD
    0x080021a0   0x080021a0   0x0000011c   Code   RO          510    .text.HAL_GPIO_DeInit  stm32h7xx_hal_gpio.o
    0x080022bc   0x080022bc   0x00000004   PAD
    0x080022c0   0x080022c0   0x000001a6   Code   RO          508    .text.HAL_GPIO_Init  stm32h7xx_hal_gpio.o
    0x08002466   0x08002466   0x00000002   PAD
    0x08002468   0x08002468   0x0000000a   Code   RO          514    .text.HAL_GPIO_WritePin  stm32h7xx_hal_gpio.o
    0x08002472   0x08002472   0x00000006   PAD
    0x08002478   0x08002478   0x0000000c   Code   RO          860    .text.HAL_GetTick   stm32h7xx_hal.o
    0x08002484   0x08002484   0x00000004   PAD
    0x08002488   0x08002488   0x0000001a   Code   RO          858    .text.HAL_IncTick   stm32h7xx_hal.o
    0x080024a2   0x080024a2   0x00000006   PAD
    0x080024a8   0x080024a8   0x00000064   Code   RO          848    .text.HAL_Init      stm32h7xx_hal.o
    0x0800250c   0x0800250c   0x00000004   PAD
    0x08002510   0x08002510   0x00000050   Code   RO          850    .text.HAL_InitTick  stm32h7xx_hal.o
    0x08002560   0x08002560   0x00000020   Code   RO          133    .text.HAL_MspInit   stm32h7xx_hal_msp.o
    0x08002580   0x08002580   0x0000002a   Code   RO          802    .text.HAL_NVIC_DisableIRQ  stm32h7xx_hal_cortex.o
    0x080025aa   0x080025aa   0x00000006   PAD
    0x080025b0   0x080025b0   0x00000022   Code   RO          800    .text.HAL_NVIC_EnableIRQ  stm32h7xx_hal_cortex.o
    0x080025d2   0x080025d2   0x00000006   PAD
    0x080025d8   0x080025d8   0x0000005a   Code   RO          798    .text.HAL_NVIC_SetPriority  stm32h7xx_hal_cortex.o
    0x08002632   0x08002632   0x00000006   PAD
    0x08002638   0x08002638   0x00000020   Code   RO          796    .text.HAL_NVIC_SetPriorityGrouping  stm32h7xx_hal_cortex.o
    0x08002658   0x08002658   0x00000026   Code   RO          221    .text.HAL_PCDEx_ActivateLPM  stm32h7xx_hal_pcd_ex.o
    0x0800267e   0x0800267e   0x00000002   PAD
    0x08002680   0x08002680   0x00000002   Code   RO          233    .text.HAL_PCDEx_LPM_Callback  stm32h7xx_hal_pcd_ex.o
    0x08002682   0x08002682   0x00000006   PAD
    0x08002688   0x08002688   0x00000008   Code   RO          219    .text.HAL_PCDEx_SetRxFiFo  stm32h7xx_hal_pcd_ex.o
    0x08002690   0x08002690   0x000000ce   Code   RO          217    .text.HAL_PCDEx_SetTxFiFo  stm32h7xx_hal_pcd_ex.o
    0x0800275e   0x0800275e   0x00000002   PAD
    0x08002760   0x08002760   0x00000008   Code   RO         2095    .text.HAL_PCD_ConnectCallback  usbd_conf.o
    0x08002768   0x08002768   0x00000012   Code   RO         2081    .text.HAL_PCD_DataInStageCallback  usbd_conf.o
    0x0800277a   0x0800277a   0x00000006   PAD
    0x08002780   0x08002780   0x00000014   Code   RO         2079    .text.HAL_PCD_DataOutStageCallback  usbd_conf.o
    0x08002794   0x08002794   0x00000004   PAD
    0x08002798   0x08002798   0x00000008   Code   RO         2097    .text.HAL_PCD_DisconnectCallback  usbd_conf.o
    0x080027a0   0x080027a0   0x00000050   Code   RO          187    .text.HAL_PCD_EP_Close  stm32h7xx_hal_pcd.o
    0x080027f0   0x080027f0   0x0000005e   Code   RO          197    .text.HAL_PCD_EP_ClrStall  stm32h7xx_hal_pcd.o
    0x0800284e   0x0800284e   0x00000002   PAD
    0x08002850   0x08002850   0x00000012   Code   RO          191    .text.HAL_PCD_EP_GetRxCount  stm32h7xx_hal_pcd.o
    0x08002862   0x08002862   0x00000006   PAD
    0x08002868   0x08002868   0x0000007e   Code   RO          185    .text.HAL_PCD_EP_Open  stm32h7xx_hal_pcd.o
    0x080028e6   0x080028e6   0x00000002   PAD
    0x080028e8   0x080028e8   0x00000038   Code   RO          189    .text.HAL_PCD_EP_Receive  stm32h7xx_hal_pcd.o
    0x08002920   0x08002920   0x0000006c   Code   RO          195    .text.HAL_PCD_EP_SetStall  stm32h7xx_hal_pcd.o
    0x0800298c   0x0800298c   0x00000004   PAD
    0x08002990   0x08002990   0x0000003c   Code   RO          193    .text.HAL_PCD_EP_Transmit  stm32h7xx_hal_pcd.o
    0x080029cc   0x080029cc   0x00000004   PAD
    0x080029d0   0x080029d0   0x0000097a   Code   RO          153    .text.HAL_PCD_IRQHandler  stm32h7xx_hal_pcd.o
    0x0800334a   0x0800334a   0x00000006   PAD
    0x08003350   0x08003350   0x00000008   Code   RO         2093    .text.HAL_PCD_ISOINIncompleteCallback  usbd_conf.o
    0x08003358   0x08003358   0x00000008   Code   RO         2091    .text.HAL_PCD_ISOOUTIncompleteCallback  usbd_conf.o
    0x08003360   0x08003360   0x0000027a   Code   RO          141    .text.HAL_PCD_Init  stm32h7xx_hal_pcd.o
    0x080035da   0x080035da   0x00000006   PAD
    0x080035e0   0x080035e0   0x00000072   Code   RO         2073    .text.HAL_PCD_MspInit  usbd_conf.o
    0x08003652   0x08003652   0x00000006   PAD
    0x08003658   0x08003658   0x0000002a   Code   RO         2085    .text.HAL_PCD_ResetCallback  usbd_conf.o
    0x08003682   0x08003682   0x00000006   PAD
    0x08003688   0x08003688   0x00000008   Code   RO         2089    .text.HAL_PCD_ResumeCallback  usbd_conf.o
    0x08003690   0x08003690   0x00000008   Code   RO         2083    .text.HAL_PCD_SOFCallback  usbd_conf.o
    0x08003698   0x08003698   0x00000028   Code   RO          183    .text.HAL_PCD_SetAddress  stm32h7xx_hal_pcd.o
    0x080036c0   0x080036c0   0x0000000e   Code   RO         2077    .text.HAL_PCD_SetupStageCallback  usbd_conf.o
    0x080036ce   0x080036ce   0x00000002   PAD
    0x080036d0   0x080036d0   0x0000003e   Code   RO          149    .text.HAL_PCD_Start  stm32h7xx_hal_pcd.o
    0x0800370e   0x0800370e   0x00000002   PAD
    0x08003710   0x08003710   0x00000034   Code   RO         2087    .text.HAL_PCD_SuspendCallback  usbd_conf.o
    0x08003744   0x08003744   0x00000004   PAD
    0x08003748   0x08003748   0x0000004c   Code   RO          712    .text.HAL_PWREx_ConfigSupply  stm32h7xx_hal_pwr_ex.o
    0x08003794   0x08003794   0x00000004   PAD
    0x08003798   0x08003798   0x00000012   Code   RO          762    .text.HAL_PWREx_EnableUSBVoltageDetector  stm32h7xx_hal_pwr_ex.o
    0x080037aa   0x080037aa   0x00000006   PAD
    0x080037b0   0x080037b0   0x00000026   Code   RO          399    .text.HAL_RCCEx_GetD3PCLK1Freq  stm32h7xx_hal_rcc_ex.o
    0x080037d6   0x080037d6   0x00000002   PAD
    0x080037d8   0x080037d8   0x00000128   Code   RO          395    .text.HAL_RCCEx_GetPLL2ClockFreq  stm32h7xx_hal_rcc_ex.o
    0x08003900   0x08003900   0x00000128   Code   RO          397    .text.HAL_RCCEx_GetPLL3ClockFreq  stm32h7xx_hal_rcc_ex.o
    0x08003a28   0x08003a28   0x00000a80   Code   RO          383    .text.HAL_RCCEx_PeriphCLKConfig  stm32h7xx_hal_rcc_ex.o
    0x080044a8   0x080044a8   0x00000254   Code   RO          351    .text.HAL_RCC_ClockConfig  stm32h7xx_hal_rcc.o
    0x080046fc   0x080046fc   0x00000004   PAD
    0x08004700   0x08004700   0x0000004c   Code   RO          361    .text.HAL_RCC_GetHCLKFreq  stm32h7xx_hal_rcc.o
    0x0800474c   0x0800474c   0x00000004   PAD
    0x08004750   0x08004750   0x00000060   Code   RO          363    .text.HAL_RCC_GetPCLK1Freq  stm32h7xx_hal_rcc.o
    0x080047b0   0x080047b0   0x00000060   Code   RO          365    .text.HAL_RCC_GetPCLK2Freq  stm32h7xx_hal_rcc.o
    0x08004810   0x08004810   0x0000011c   Code   RO          353    .text.HAL_RCC_GetSysClockFreq  stm32h7xx_hal_rcc.o
    0x0800492c   0x0800492c   0x00000004   PAD
    0x08004930   0x08004930   0x0000052c   Code   RO          349    .text.HAL_RCC_OscConfig  stm32h7xx_hal_rcc.o
    0x08004e5c   0x08004e5c   0x00000004   PAD
    0x08004e60   0x08004e60   0x0000002e   Code   RO          808    .text.HAL_SYSTICK_Config  stm32h7xx_hal_cortex.o
    0x08004e8e   0x08004e8e   0x00000002   PAD
    0x08004e90   0x08004e90   0x00000002   Code   RO         1689    .text.HAL_TIMEx_Break2Callback  stm32h7xx_hal_tim_ex.o
    0x08004e92   0x08004e92   0x00000006   PAD
    0x08004e98   0x08004e98   0x00000002   Code   RO         1687    .text.HAL_TIMEx_BreakCallback  stm32h7xx_hal_tim_ex.o
    0x08004e9a   0x08004e9a   0x00000006   PAD
    0x08004ea0   0x08004ea0   0x00000002   Code   RO         1683    .text.HAL_TIMEx_CommutCallback  stm32h7xx_hal_tim_ex.o
    0x08004ea2   0x08004ea2   0x00000006   PAD
    0x08004ea8   0x08004ea8   0x000000de   Code   RO         1667    .text.HAL_TIMEx_MasterConfigSynchronization  stm32h7xx_hal_tim_ex.o
    0x08004f86   0x08004f86   0x00000002   PAD
    0x08004f88   0x08004f88   0x00000060   Code   RO         1372    .text.HAL_TIM_Base_Init  stm32h7xx_hal_tim.o
    0x08004fe8   0x08004fe8   0x00000074   Code   RO           63    .text.HAL_TIM_Base_MspInit  tim.o
    0x0800505c   0x0800505c   0x00000004   PAD
    0x08005060   0x08005060   0x000000dc   Code   RO         1386    .text.HAL_TIM_Base_Start_IT  stm32h7xx_hal_tim.o
    0x0800513c   0x0800513c   0x00000004   PAD
    0x08005140   0x08005140   0x00000200   Code   RO         1552    .text.HAL_TIM_ConfigClockSource  stm32h7xx_hal_tim.o
    0x08005340   0x08005340   0x00000002   Code   RO         1508    .text.HAL_TIM_IC_CaptureCallback  stm32h7xx_hal_tim.o
    0x08005342   0x08005342   0x00000006   PAD
    0x08005348   0x08005348   0x0000016c   Code   RO         1506    .text.HAL_TIM_IRQHandler  stm32h7xx_hal_tim.o
    0x080054b4   0x080054b4   0x00000004   PAD
    0x080054b8   0x080054b8   0x00000002   Code   RO         1510    .text.HAL_TIM_OC_DelayElapsedCallback  stm32h7xx_hal_tim.o
    0x080054ba   0x080054ba   0x00000006   PAD
    0x080054c0   0x080054c0   0x00000002   Code   RO         1512    .text.HAL_TIM_PWM_PulseFinishedCallback  stm32h7xx_hal_tim.o
    0x080054c2   0x080054c2   0x00000006   PAD
    0x080054c8   0x080054c8   0x000000a8   Code   RO           11    .text.HAL_TIM_PeriodElapsedCallback  main.o
    0x08005570   0x08005570   0x00000002   Code   RO         1516    .text.HAL_TIM_TriggerCallback  stm32h7xx_hal_tim.o
    0x08005572   0x08005572   0x00000006   PAD
    0x08005578   0x08005578   0x00000036   Code   RO         1866    .text.HAL_UARTEx_DisableFifoMode  stm32h7xx_hal_uart_ex.o
    0x080055ae   0x080055ae   0x00000002   PAD
    0x080055b0   0x080055b0   0x0000008c   Code   RO         1870    .text.HAL_UARTEx_SetRxFifoThreshold  stm32h7xx_hal_uart_ex.o
    0x0800563c   0x0800563c   0x00000004   PAD
    0x08005640   0x08005640   0x0000008c   Code   RO         1868    .text.HAL_UARTEx_SetTxFifoThreshold  stm32h7xx_hal_uart_ex.o
    0x080056cc   0x080056cc   0x00000004   PAD
    0x080056d0   0x080056d0   0x00000064   Code   RO         1703    .text.HAL_UART_Init  stm32h7xx_hal_uart.o
    0x08005734   0x08005734   0x00000004   PAD
    0x08005738   0x08005738   0x00000092   Code   RO           79    .text.HAL_UART_MspInit  usart.o
    0x080057ca   0x080057ca   0x00000006   PAD
    0x080057d0   0x080057d0   0x00000002   Code   RO           94    .text.HardFault_Handler  stm32h7xx_it.o
    0x080057d2   0x080057d2   0x00000006   PAD
    0x080057d8   0x080057d8   0x00000074   Code   RO           39    .text.MX_FDCAN1_Init  fdcan.o
    0x0800584c   0x0800584c   0x00000004   PAD
    0x08005850   0x08005850   0x00000076   Code   RO           41    .text.MX_FDCAN2_Init  fdcan.o
    0x080058c6   0x080058c6   0x00000002   PAD
    0x080058c8   0x080058c8   0x000000a0   Code   RO           30    .text.MX_GPIO_Init  gpio.o
    0x08005968   0x08005968   0x00000072   Code   RO           59    .text.MX_TIM3_Init  tim.o
    0x080059da   0x080059da   0x00000006   PAD
    0x080059e0   0x080059e0   0x00000072   Code   RO           61    .text.MX_TIM4_Init  tim.o
    0x08005a52   0x08005a52   0x00000006   PAD
    0x08005a58   0x08005a58   0x0000007c   Code   RO           77    .text.MX_USART1_UART_Init  usart.o
    0x08005ad4   0x08005ad4   0x00000004   PAD
    0x08005ad8   0x08005ad8   0x0000006c   Code   RO         2011    .text.MX_USB_DEVICE_Init  usb_device.o
    0x08005b44   0x08005b44   0x00000004   PAD
    0x08005b48   0x08005b48   0x00000002   Code   RO           96    .text.MemManage_Handler  stm32h7xx_it.o
    0x08005b4a   0x08005b4a   0x00000006   PAD
    0x08005b50   0x08005b50   0x00000002   Code   RO           92    .text.NMI_Handler   stm32h7xx_it.o
    0x08005b52   0x08005b52   0x00000006   PAD
    0x08005b58   0x08005b58   0x0000000c   Code   RO          124    .text.OTG_HS_IRQHandler  stm32h7xx_it.o
    0x08005b64   0x08005b64   0x00000004   PAD
    0x08005b68   0x08005b68   0x00000002   Code   RO          106    .text.PendSV_Handler  stm32h7xx_it.o
    0x08005b6a   0x08005b6a   0x00000006   PAD
    0x08005b70   0x08005b70   0x00000122   Code   RO          385    .text.RCCEx_PLL2_Config  stm32h7xx_hal_rcc_ex.o
    0x08005c92   0x08005c92   0x00000006   PAD
    0x08005c98   0x08005c98   0x00000122   Code   RO          387    .text.RCCEx_PLL3_Config  stm32h7xx_hal_rcc_ex.o
    0x08005dba   0x08005dba   0x00000006   PAD
    0x08005dc0   0x08005dc0   0x00000002   Code   RO          102    .text.SVC_Handler   stm32h7xx_it.o
    0x08005dc2   0x08005dc2   0x00000006   PAD
    0x08005dc8   0x08005dc8   0x00000004   Code   RO          108    .text.SysTick_Handler  stm32h7xx_it.o
    0x08005dcc   0x08005dcc   0x00000004   PAD
    0x08005dd0   0x08005dd0   0x000000cc   Code   RO           15    .text.SystemClock_Config  main.o
    0x08005e9c   0x08005e9c   0x00000004   PAD
    0x08005ea0   0x08005ea0   0x000000b0   Code   RO         1889    .text.SystemInit    system_stm32h7xx.o
    0x08005f50   0x08005f50   0x0000000c   Code   RO          118    .text.TIM3_IRQHandler  stm32h7xx_it.o
    0x08005f5c   0x08005f5c   0x00000004   PAD
    0x08005f60   0x08005f60   0x0000000c   Code   RO          120    .text.TIM4_IRQHandler  stm32h7xx_it.o
    0x08005f6c   0x08005f6c   0x00000004   PAD
    0x08005f70   0x08005f70   0x00000178   Code   RO         1376    .text.TIM_Base_SetConfig  stm32h7xx_hal_tim.o
    0x080060e8   0x080060e8   0x000000e0   Code   RO         1707    .text.UART_AdvFeatureConfig  stm32h7xx_hal_uart.o
    0x080061c8   0x080061c8   0x0000016e   Code   RO         1711    .text.UART_CheckIdleState  stm32h7xx_hal_uart.o
    0x08006336   0x08006336   0x00000002   PAD
    0x08006338   0x08006338   0x000004a0   Code   RO         1709    .text.UART_SetConfig  stm32h7xx_hal_uart.o
    0x080067d8   0x080067d8   0x00000358   Code   RO         1725    .text.UART_WaitOnFlagUntilTimeout  stm32h7xx_hal_uart.o
    0x08006b30   0x08006b30   0x00000074   Code   RO         2252    .text.USBD_CDC_DataIn  usbd_cdc.o
    0x08006ba4   0x08006ba4   0x00000004   PAD
    0x08006ba8   0x08006ba8   0x0000003c   Code   RO         2254    .text.USBD_CDC_DataOut  usbd_cdc.o
    0x08006be4   0x08006be4   0x00000004   PAD
    0x08006be8   0x08006be8   0x0000005a   Code   RO         2246    .text.USBD_CDC_DeInit  usbd_cdc.o
    0x08006c42   0x08006c42   0x00000006   PAD
    0x08006c48   0x08006c48   0x00000038   Code   RO         2250    .text.USBD_CDC_EP0_RxReady  usbd_cdc.o
    0x08006c80   0x08006c80   0x00000010   Code   RO         2262    .text.USBD_CDC_GetDeviceQualifierDescriptor  usbd_cdc.o
    0x08006c90   0x08006c90   0x00000052   Code   RO         2258    .text.USBD_CDC_GetFSCfgDesc  usbd_cdc.o
    0x08006ce2   0x08006ce2   0x00000006   PAD
    0x08006ce8   0x08006ce8   0x00000056   Code   RO         2256    .text.USBD_CDC_GetHSCfgDesc  usbd_cdc.o
    0x08006d3e   0x08006d3e   0x00000002   PAD
    0x08006d40   0x08006d40   0x00000052   Code   RO         2260    .text.USBD_CDC_GetOtherSpeedCfgDesc  usbd_cdc.o
    0x08006d92   0x08006d92   0x00000006   PAD
    0x08006d98   0x08006d98   0x000000ce   Code   RO         2244    .text.USBD_CDC_Init  usbd_cdc.o
    0x08006e66   0x08006e66   0x00000002   PAD
    0x08006e68   0x08006e68   0x00000030   Code   RO         2272    .text.USBD_CDC_ReceivePacket  usbd_cdc.o
    0x08006e98   0x08006e98   0x00000018   Code   RO         2264    .text.USBD_CDC_RegisterInterface  usbd_cdc.o
    0x08006eb0   0x08006eb0   0x0000001c   Code   RO         2268    .text.USBD_CDC_SetRxBuffer  usbd_cdc.o
    0x08006ecc   0x08006ecc   0x00000004   PAD
    0x08006ed0   0x08006ed0   0x00000020   Code   RO         2266    .text.USBD_CDC_SetTxBuffer  usbd_cdc.o
    0x08006ef0   0x08006ef0   0x000000e8   Code   RO         2248    .text.USBD_CDC_Setup  usbd_cdc.o
    0x08006fd8   0x08006fd8   0x00000044   Code   RO         2270    .text.USBD_CDC_TransmitPacket  usbd_cdc.o
    0x0800701c   0x0800701c   0x00000004   PAD
    0x08007020   0x08007020   0x00000012   Code   RO         2159    .text.USBD_ClrClassConfig  usbd_core.o
    0x08007032   0x08007032   0x00000006   PAD
    0x08007038   0x08007038   0x00000004   Code   RO         2167    .text.USBD_CoreFindEP  usbd_core.o
    0x0800703c   0x0800703c   0x00000004   PAD
    0x08007040   0x08007040   0x00000004   Code   RO         2165    .text.USBD_CoreFindIF  usbd_core.o
    0x08007044   0x08007044   0x00000004   PAD
    0x08007048   0x08007048   0x00000010   Code   RO         2228    .text.USBD_CtlContinueRx  usbd_ioreq.o
    0x08007058   0x08007058   0x00000010   Code   RO         2224    .text.USBD_CtlContinueSendData  usbd_ioreq.o
    0x08007068   0x08007068   0x00000016   Code   RO         2203    .text.USBD_CtlError  usbd_ctlreq.o
    0x0800707e   0x0800707e   0x00000002   PAD
    0x08007080   0x08007080   0x0000001e   Code   RO         2226    .text.USBD_CtlPrepareRx  usbd_ioreq.o
    0x0800709e   0x0800709e   0x00000002   PAD
    0x080070a0   0x080070a0   0x00000016   Code   RO         2232    .text.USBD_CtlReceiveStatus  usbd_ioreq.o
    0x080070b6   0x080070b6   0x00000002   PAD
    0x080070b8   0x080070b8   0x0000001a   Code   RO         2222    .text.USBD_CtlSendData  usbd_ioreq.o
    0x080070d2   0x080070d2   0x00000006   PAD
    0x080070d8   0x080070d8   0x00000016   Code   RO         2230    .text.USBD_CtlSendStatus  usbd_ioreq.o
    0x080070ee   0x080070ee   0x00000002   PAD
    0x080070f0   0x080070f0   0x00000084   Code   RO         2189    .text.USBD_GetEpDesc  usbd_core.o
    0x08007174   0x08007174   0x00000004   PAD
    0x08007178   0x08007178   0x00000100   Code   RO         2211    .text.USBD_GetString  usbd_ctlreq.o
    0x08007278   0x08007278   0x00000024   Code   RO         2030    .text.USBD_HS_ConfigStrDescriptor  usbd_desc.o
    0x0800729c   0x0800729c   0x00000004   PAD
    0x080072a0   0x080072a0   0x0000000e   Code   RO         2020    .text.USBD_HS_DeviceDescriptor  usbd_desc.o
    0x080072ae   0x080072ae   0x00000002   PAD
    0x080072b0   0x080072b0   0x00000028   Code   RO         2032    .text.USBD_HS_InterfaceStrDescriptor  usbd_desc.o
    0x080072d8   0x080072d8   0x0000000e   Code   RO         2022    .text.USBD_HS_LangIDStrDescriptor  usbd_desc.o
    0x080072e6   0x080072e6   0x00000002   PAD
    0x080072e8   0x080072e8   0x0000002c   Code   RO         2024    .text.USBD_HS_ManufacturerStrDescriptor  usbd_desc.o
    0x08007314   0x08007314   0x00000004   PAD
    0x08007318   0x08007318   0x00000030   Code   RO         2026    .text.USBD_HS_ProductStrDescriptor  usbd_desc.o
    0x08007348   0x08007348   0x0000016c   Code   RO         2028    .text.USBD_HS_SerialStrDescriptor  usbd_desc.o
    0x080074b4   0x080074b4   0x00000004   PAD
    0x080074b8   0x080074b8   0x00000028   Code   RO         2145    .text.USBD_Init     usbd_core.o
    0x080074e0   0x080074e0   0x00000022   Code   RO         2117    .text.USBD_LL_ClearStallEP  usbd_conf.o
    0x08007502   0x08007502   0x00000006   PAD
    0x08007508   0x08007508   0x00000022   Code   RO         2111    .text.USBD_LL_CloseEP  usbd_conf.o
    0x0800752a   0x0800752a   0x00000006   PAD
    0x08007530   0x08007530   0x000000b4   Code   RO         2169    .text.USBD_LL_DataInStage  usbd_core.o
    0x080075e4   0x080075e4   0x00000004   PAD
    0x080075e8   0x080075e8   0x00000070   Code   RO         2163    .text.USBD_LL_DataOutStage  usbd_core.o
    0x08007658   0x08007658   0x00000004   Code   RO         2185    .text.USBD_LL_DevConnected  usbd_core.o
    0x0800765c   0x0800765c   0x00000004   PAD
    0x08007660   0x08007660   0x00000020   Code   RO         2187    .text.USBD_LL_DevDisconnected  usbd_core.o
    0x08007680   0x08007680   0x00000008   Code   RO         2127    .text.USBD_LL_GetRxDataSize  usbd_conf.o
    0x08007688   0x08007688   0x00000072   Code   RO         2099    .text.USBD_LL_Init  usbd_conf.o
    0x080076fa   0x080076fa   0x00000006   PAD
    0x08007700   0x08007700   0x0000002a   Code   RO         2119    .text.USBD_LL_IsStallEP  usbd_conf.o
    0x0800772a   0x0800772a   0x00000006   PAD
    0x08007730   0x08007730   0x0000002c   Code   RO         2181    .text.USBD_LL_IsoINIncomplete  usbd_core.o
    0x0800775c   0x0800775c   0x00000004   PAD
    0x08007760   0x08007760   0x0000002c   Code   RO         2183    .text.USBD_LL_IsoOUTIncomplete  usbd_core.o
    0x0800778c   0x0800778c   0x00000004   PAD
    0x08007790   0x08007790   0x00000028   Code   RO         2109    .text.USBD_LL_OpenEP  usbd_conf.o
    0x080077b8   0x080077b8   0x00000022   Code   RO         2125    .text.USBD_LL_PrepareReceive  usbd_conf.o
    0x080077da   0x080077da   0x00000006   PAD
    0x080077e0   0x080077e0   0x00000060   Code   RO         2171    .text.USBD_LL_Reset  usbd_core.o
    0x08007840   0x08007840   0x00000014   Code   RO         2177    .text.USBD_LL_Resume  usbd_core.o
    0x08007854   0x08007854   0x00000004   PAD
    0x08007858   0x08007858   0x0000001e   Code   RO         2179    .text.USBD_LL_SOF   usbd_core.o
    0x08007876   0x08007876   0x00000002   PAD
    0x08007878   0x08007878   0x00000008   Code   RO         2173    .text.USBD_LL_SetSpeed  usbd_core.o
    0x08007880   0x08007880   0x00000022   Code   RO         2121    .text.USBD_LL_SetUSBAddress  usbd_conf.o
    0x080078a2   0x080078a2   0x00000006   PAD
    0x080078a8   0x080078a8   0x00000062   Code   RO         2161    .text.USBD_LL_SetupStage  usbd_core.o
    0x0800790a   0x0800790a   0x00000006   PAD
    0x08007910   0x08007910   0x00000022   Code   RO         2115    .text.USBD_LL_StallEP  usbd_conf.o
    0x08007932   0x08007932   0x00000006   PAD
    0x08007938   0x08007938   0x00000022   Code   RO         2105    .text.USBD_LL_Start  usbd_conf.o
    0x0800795a   0x0800795a   0x00000006   PAD
    0x08007960   0x08007960   0x0000001c   Code   RO         2175    .text.USBD_LL_Suspend  usbd_core.o
    0x0800797c   0x0800797c   0x00000004   PAD
    0x08007980   0x08007980   0x00000022   Code   RO         2123    .text.USBD_LL_Transmit  usbd_conf.o
    0x080079a2   0x080079a2   0x00000006   PAD
    0x080079a8   0x080079a8   0x00000016   Code   RO         2209    .text.USBD_ParseSetupRequest  usbd_ctlreq.o
    0x080079be   0x080079be   0x00000002   PAD
    0x080079c0   0x080079c0   0x00000046   Code   RO         2149    .text.USBD_RegisterClass  usbd_core.o
    0x08007a06   0x08007a06   0x00000002   PAD
    0x08007a08   0x08007a08   0x00000010   Code   RO         2157    .text.USBD_SetClassConfig  usbd_core.o
    0x08007a18   0x08007a18   0x00000004   Code   RO         2151    .text.USBD_Start    usbd_core.o
    0x08007a1c   0x08007a1c   0x00000004   PAD
    0x08007a20   0x08007a20   0x00000382   Code   RO         2201    .text.USBD_StdDevReq  usbd_ctlreq.o
    0x08007da2   0x08007da2   0x00000006   PAD
    0x08007da8   0x08007da8   0x00000166   Code   RO         2207    .text.USBD_StdEPReq  usbd_ctlreq.o
    0x08007f0e   0x08007f0e   0x00000002   PAD
    0x08007f10   0x08007f10   0x00000070   Code   RO         2205    .text.USBD_StdItfReq  usbd_ctlreq.o
    0x08007f80   0x08007f80   0x00000002   Code   RO         2131    .text.USBD_static_free  usbd_conf.o
    0x08007f82   0x08007f82   0x00000006   PAD
    0x08007f88   0x08007f88   0x0000000a   Code   RO         2129    .text.USBD_static_malloc  usbd_conf.o
    0x08007f92   0x08007f92   0x00000006   PAD
    0x08007f98   0x08007f98   0x00000086   Code   RO          265    .text.USB_ActivateEndpoint  stm32h7xx_ll_usb.o
    0x0800801e   0x0800801e   0x00000002   PAD
    0x08008020   0x08008020   0x00000020   Code   RO          307    .text.USB_ActivateSetup  stm32h7xx_ll_usb.o
    0x08008040   0x08008040   0x0000022e   Code   RO          243    .text.USB_CoreInit  stm32h7xx_ll_usb.o
    0x0800826e   0x0800826e   0x00000002   PAD
    0x08008270   0x08008270   0x0000007c   Code   RO          269    .text.USB_DeactivateEndpoint  stm32h7xx_ll_usb.o
    0x080082ec   0x080082ec   0x00000004   PAD
    0x080082f0   0x080082f0   0x0000001e   Code   RO          289    .text.USB_DevConnect  stm32h7xx_ll_usb.o
    0x0800830e   0x0800830e   0x00000002   PAD
    0x08008310   0x08008310   0x0000001e   Code   RO          291    .text.USB_DevDisconnect  stm32h7xx_ll_usb.o
    0x0800832e   0x0800832e   0x00000002   PAD
    0x08008330   0x08008330   0x000004ac   Code   RO          255    .text.USB_DevInit   stm32h7xx_ll_usb.o
    0x080087dc   0x080087dc   0x00000004   PAD
    0x080087e0   0x080087e0   0x0000000e   Code   RO          249    .text.USB_DisableGlobalInt  stm32h7xx_ll_usb.o
    0x080087ee   0x080087ee   0x00000002   PAD
    0x080087f0   0x080087f0   0x0000005a   Code   RO          309    .text.USB_EP0_OutStart  stm32h7xx_ll_usb.o
    0x0800884a   0x0800884a   0x00000006   PAD
    0x08008850   0x08008850   0x00000052   Code   RO          283    .text.USB_EPClearStall  stm32h7xx_ll_usb.o
    0x080088a2   0x080088a2   0x00000006   PAD
    0x080088a8   0x080088a8   0x00000040   Code   RO          281    .text.USB_EPSetStall  stm32h7xx_ll_usb.o
    0x080088e8   0x080088e8   0x00000242   Code   RO          273    .text.USB_EPStartXfer  stm32h7xx_ll_usb.o
    0x08008b2a   0x08008b2a   0x00000006   PAD
    0x08008b30   0x08008b30   0x0000010e   Code   RO          277    .text.USB_EPStopXfer  stm32h7xx_ll_usb.o
    0x08008c3e   0x08008c3e   0x00000002   PAD
    0x08008c40   0x08008c40   0x0000000e   Code   RO          247    .text.USB_EnableGlobalInt  stm32h7xx_ll_usb.o
    0x08008c4e   0x08008c4e   0x00000002   PAD
    0x08008c50   0x08008c50   0x000000be   Code   RO          259    .text.USB_FlushTxFifo  stm32h7xx_ll_usb.o
    0x08008d0e   0x08008d0e   0x00000002   PAD
    0x08008d10   0x08008d10   0x0000001a   Code   RO          263    .text.USB_GetDevSpeed  stm32h7xx_ll_usb.o
    0x08008d2a   0x08008d2a   0x00000006   PAD
    0x08008d30   0x08008d30   0x00000008   Code   RO          253    .text.USB_GetMode   stm32h7xx_ll_usb.o
    0x08008d38   0x08008d38   0x0000000e   Code   RO          299    .text.USB_ReadDevAllInEpInterrupt  stm32h7xx_ll_usb.o
    0x08008d46   0x08008d46   0x00000002   PAD
    0x08008d48   0x08008d48   0x0000000e   Code   RO          297    .text.USB_ReadDevAllOutEpInterrupt  stm32h7xx_ll_usb.o
    0x08008d56   0x08008d56   0x00000002   PAD
    0x08008d58   0x08008d58   0x00000024   Code   RO          303    .text.USB_ReadDevInEPInterrupt  stm32h7xx_ll_usb.o
    0x08008d7c   0x08008d7c   0x00000004   PAD
    0x08008d80   0x08008d80   0x00000010   Code   RO          301    .text.USB_ReadDevOutEPInterrupt  stm32h7xx_ll_usb.o
    0x08008d90   0x08008d90   0x00000008   Code   RO          293    .text.USB_ReadInterrupts  stm32h7xx_ll_usb.o
    0x08008d98   0x08008d98   0x000000ae   Code   RO          279    .text.USB_ReadPacket  stm32h7xx_ll_usb.o
    0x08008e46   0x08008e46   0x00000002   PAD
    0x08008e48   0x08008e48   0x00000368   Code   RO          251    .text.USB_SetCurrentMode  stm32h7xx_ll_usb.o
    0x080091b0   0x080091b0   0x00000022   Code   RO          287    .text.USB_SetDevAddress  stm32h7xx_ll_usb.o
    0x080091d2   0x080091d2   0x00000006   PAD
    0x080091d8   0x080091d8   0x00000118   Code   RO          245    .text.USB_SetTurnaroundTime  stm32h7xx_ll_usb.o
    0x080092f0   0x080092f0   0x00000078   Code   RO          275    .text.USB_WritePacket  stm32h7xx_ll_usb.o
    0x08009368   0x08009368   0x00000002   Code   RO          100    .text.UsageFault_Handler  stm32h7xx_it.o
    0x0800936a   0x0800936a   0x00000006   PAD
    0x08009370   0x08009370   0x00000098   Code   RO         1918    .text.bsp_can_init  bsp_fdcan.o
    0x08009408   0x08009408   0x00000124   Code   RO         1922    .text.bsp_fdcan_set_baud  bsp_fdcan.o
    0x0800952c   0x0800952c   0x00000004   PAD
    0x08009530   0x08009530   0x000001b0   Code   RO         1973    .text.dm_motor_ctrl_send  dm_motor_drv.o
    0x080096e0   0x080096e0   0x0000006c   Code   RO         1963    .text.dm_motor_enable  dm_motor_drv.o
    0x0800974c   0x0800974c   0x00000004   PAD
    0x08009750   0x08009750   0x000000c8   Code   RO         1987    .text.dm_motor_fbdata  dm_motor_drv.o
    0x08009818   0x08009818   0x00000056   Code   RO         1944    .text.dm_motor_init  dm_motor_ctrl.o
    0x0800986e   0x0800986e   0x00000002   PAD
    0x08009870   0x08009870   0x0000005a   Code   RO         1950    .text.fdcan1_rx_callback  dm_motor_ctrl.o
    0x080098ca   0x080098ca   0x00000006   PAD
    0x080098d0   0x080098d0   0x00000062   Code   RO         1952    .text.fdcan2_rx_callback  dm_motor_ctrl.o
    0x08009932   0x08009932   0x00000006   PAD
    0x08009938   0x08009938   0x00000048   Code   RO         1926    .text.fdcanx_receive  bsp_fdcan.o
    0x08009980   0x08009980   0x000000b4   Code   RO         1924    .text.fdcanx_send_data  bsp_fdcan.o
    0x08009a34   0x08009a34   0x00000004   PAD
    0x08009a38   0x08009a38   0x00000178   Code   RO           13    .text.main          main.o
    0x08009bb0   0x08009bb0   0x0000024c   Code   RO         1948    .text.receive_motor_data  dm_motor_ctrl.o
    0x08009dfc   0x08009dfc   0x0000003e   Code   RO         2369    CL$$btod_d2e        c_w.l(btod.o)
    0x08009e3a   0x08009e3a   0x00000046   Code   RO         2371    CL$$btod_d2e_denorm_low  c_w.l(btod.o)
    0x08009e80   0x08009e80   0x00000060   Code   RO         2370    CL$$btod_d2e_norm_op1  c_w.l(btod.o)
    0x08009ee0   0x08009ee0   0x00000338   Code   RO         2379    CL$$btod_div_common  c_w.l(btod.o)
    0x0800a218   0x0800a218   0x000000dc   Code   RO         2376    CL$$btod_e2e        c_w.l(btod.o)
    0x0800a2f4   0x0800a2f4   0x0000002a   Code   RO         2373    CL$$btod_ediv       c_w.l(btod.o)
    0x0800a31e   0x0800a31e   0x0000002a   Code   RO         2372    CL$$btod_emul       c_w.l(btod.o)
    0x0800a348   0x0800a348   0x00000244   Code   RO         2378    CL$$btod_mult_common  c_w.l(btod.o)
    0x0800a58c   0x0800a58c   0x00000030   Code   RO         2399    i.__ARM_fpclassify  m_wv.l(fpclassify.o)
    0x0800a5bc   0x0800a5bc   0x0000000e   Code   RO         2304    i._is_digit         c_w.l(__printf_wp.o)
    0x0800a5ca   0x0800a5ca   0x00000002   PAD
    0x0800a5cc   0x0800a5cc   0x0000002c   Code   RO         2394    locale$$code        c_w.l(lc_numeric_c.o)
    0x0800a5f8   0x0800a5f8   0x0000001a   Code   RO         2481    x$fpl$fpinit        fz_wv.l(fpinit.o)
    0x0800a612   0x0800a612   0x00000004   Code   RO         2322    x$fpl$printf1       fz_wv.l(printf1.o)
    0x0800a616   0x0800a616   0x00000000   Code   RO         2398    x$fpl$usenofp       fz_wv.l(usenofp.o)
    0x0800a616   0x0800a616   0x00000002   PAD
    0x0800a618   0x0800a618   0x00000094   Data   RO         2367    .constdata          c_w.l(bigflt0.o)
    0x0800a6ac   0x0800a6ac   0x0000004c   Data   RO         1362    .rodata..L__const.HAL_FDCAN_Init.CvtEltSize  stm32h7xx_hal_fdcan.o
    0x0800a6f8   0x0800a6f8   0x00000006   Data   RO         1838    .rodata..Lswitch.table.UART_SetConfig.7  stm32h7xx_hal_uart.o
    0x0800a6fe   0x0800a6fe   0x00000006   Data   RO         1839    .rodata..Lswitch.table.UART_SetConfig.9  stm32h7xx_hal_uart.o
    0x0800a704   0x0800a704   0x00000010   Data   RO         1893    .rodata.D1CorePrescTable  system_stm32h7xx.o
    0x0800a714   0x0800a714   0x00000018   Data   RO         1837    .rodata.UARTPrescTable  stm32h7xx_hal_uart.o
    0x0800a72c   0x0800a72c   0x00000010   Data   RO         1363    .rodata.cst16       stm32h7xx_hal_fdcan.o
    0x0800a73c   0x0800a73c   0x00000010   Data   RO         1880    .rodata.cst8        stm32h7xx_hal_uart_ex.o
    0x0800a74c   0x0800a74c   0x00000020   Data   RO         2557    Region$$Table       anon$$obj.o
    0x0800a76c   0x0800a76c   0x0000001c   Data   RO         2393    locale$$data        c_w.l(lc_numeric_c.o)


    Execution Region RW_IRAM1 (Exec base: 0x20000000, Load base: 0x0800a788, Size: 0x00000000, Max: 0x00020000, ABSOLUTE)

    **** No section assigned to this execution region ****


    Execution Region RW_IRAM2 (Exec base: 0x24000000, Load base: 0x0800a788, Size: 0x00004ee8, Max: 0x00050000, ABSOLUTE)

    Exec Addr    Load Addr    Size         Type   Attr      Idx    E Section Name        Object

    0x24000000   0x0800a788   0x00000008   Data   RW          957    .data..L_MergedGlobals  stm32h7xx_hal.o
    0x24000008   0x0800a790   0x00000008   Data   RW         1894    .data..L_MergedGlobals  system_stm32h7xx.o
    0x24000010   0x0800a798   0x00000020   Data   RW         2036    .data.HS_Desc       usbd_desc.o
    0x24000030   0x0800a7b8   0x00000038   Data   RW         2274    .data.USBD_CDC      usbd_cdc.o
    0x24000068   0x0800a7f0   0x00000043   Data   RW         2276    .data.USBD_CDC_CfgDesc  usbd_cdc.o
    0x240000ab   0x0800a833   0x00000001   PAD
    0x240000ac   0x0800a834   0x0000000a   Data   RW         2275    .data.USBD_CDC_DeviceQualifierDesc  usbd_cdc.o
    0x240000b6   0x0800a83e   0x00000002   PAD
    0x240000b8   0x0800a840   0x00000012   Data   RW         2037    .data.USBD_HS_DeviceDesc  usbd_desc.o
    0x240000ca   0x0800a852   0x00000002   PAD
    0x240000cc   0x0800a854   0x00000014   Data   RW         2062    .data.USBD_Interface_fops_HS  usbd_cdc_if.o
    0x240000e0   0x0800a868   0x00000004   Data   RW         2039    .data.USBD_LangIDDesc  usbd_desc.o
    0x240000e4   0x0800a86c   0x0000001a   Data   RW         2040    .data.USBD_StringSerial  usbd_desc.o
    0x240000fe   0x0800a886   0x00000002   PAD
    0x24000100        -       0x00000060   Zero   RW         2402    .bss                c_w.l(libspace.o)
    0x24000160        -       0x00000010   Zero   RW           21    .bss..L_MergedGlobals  main.o
    0x24000170        -       0x00000004   Zero   RW           49    .bss.HAL_RCC_FDCAN_CLK_ENABLED  fdcan.o
    0x24000174        -       0x00000001   Zero   RW         2213    .bss.USBD_SetConfig.cfgidx  usbd_ctlreq.o
    0x24000175   0x0800a886   0x00000003   PAD
    0x24000178        -       0x00000200   Zero   RW         2041    .bss.USBD_StrDesc   usbd_desc.o
    0x24000378        -       0x00000220   Zero   RW         2136    .bss.USBD_static_malloc.mem  usbd_conf.o
    0x24000598        -       0x00000800   Zero   RW         2063    .bss.UserRxBufferHS  usbd_cdc_if.o
    0x24000d98        -       0x00000800   Zero   RW         2064    .bss.UserTxBufferHS  usbd_cdc_if.o
    0x24001598        -       0x000002dc   Zero   RW         2013    .bss.hUsbDeviceHS   usb_device.o
    0x24001874        -       0x000000a0   Zero   RW           47    .bss.hfdcan1        fdcan.o
    0x24001914        -       0x000000a0   Zero   RW           48    .bss.hfdcan2        fdcan.o
    0x240019b4        -       0x000004e4   Zero   RW         2135    .bss.hpcd_USB_OTG_HS  usbd_conf.o
    0x24001e98        -       0x0000004c   Zero   RW           67    .bss.htim3          tim.o
    0x24001ee4        -       0x0000004c   Zero   RW           68    .bss.htim4          tim.o
    0x24001f30        -       0x00000094   Zero   RW           83    .bss.huart1         usart.o
    0x24001fc4        -       0x00000aa0   Zero   RW         1954    .bss.motor          dm_motor_ctrl.o
    0x24002a64        -       0x00000080   Zero   RW           19    .bss.usb_tx_buf     main.o
    0x24002ae4        -       0x00000004   Zero   RW          956    .bss.uwTick         stm32h7xx_hal.o
    0x24002ae8        -       0x00002000   Zero   RW            2    HEAP                startup_stm32h723xx.o
    0x24004ae8        -       0x00000400   Zero   RW            1    STACK               startup_stm32h723xx.o


==============================================================================

Image component sizes


      Code (inc. data)   RO Data    RW Data    ZI Data      Debug   Object Name

       750        174          0          0          0       8574   bsp_fdcan.o
       862        166          0          0       2720       5284   dm_motor_ctrl.o
       740         38          0          0          0      20666   dm_motor_drv.o
       746          0          0          0        324      11930   fdcan.o
       160          0          0          0          0       2987   gpio.o
       758         64          0          0        144      11860   main.o
        64         26        716          0       9216        852   startup_stm32h723xx.o
       258          0          0          8          4      16003   stm32h7xx_hal.o
       244          0          0          0          0      12421   stm32h7xx_hal_cortex.o
      4012          0         92          0          0      62566   stm32h7xx_hal_fdcan.o
       716          0          0          0          0       7018   stm32h7xx_hal_gpio.o
        32          0          0          0          0       2226   stm32h7xx_hal_msp.o
      3704          0          0          0          0      17545   stm32h7xx_hal_pcd.o
       254          0          0          0          0       6436   stm32h7xx_hal_pcd_ex.o
        94          0          0          0          0       9741   stm32h7xx_hal_pwr_ex.o
      2472         24          0          0          0      11682   stm32h7xx_hal_rcc.o
      3898        144          0          0          0      20071   stm32h7xx_hal_rcc_ex.o
      1576          0          0          0          0      67557   stm32h7xx_hal_tim.o
       228          0          0          0          0      27274   stm32h7xx_hal_tim_ex.o
      2730        332         36          0          0      43788   stm32h7xx_hal_uart.o
       334          0         16          0          0      11574   stm32h7xx_hal_uart_ex.o
       134          0          0          0          0      11023   stm32h7xx_it.o
      5008          0          0          0          0      37642   stm32h7xx_ll_usb.o
       176          0         16          8          0       5269   system_stm32h7xx.o
       344          0          0          0        152      10337   tim.o
       270          0          0          0        148       8252   usart.o
       108          0          0          0        732       3280   usb_device.o
      1226         12          0        133          0      12022   usbd_cdc.o
       152          0          0         20       4096       4941   usbd_cdc_if.o
       762          0          0          0       1796      22283   usbd_conf.o
       984          0          0          0          0      11400   usbd_core.o
      1668         34          0          0          1      11525   usbd_ctlreq.o
       560         72          0         80        512       4375   usbd_desc.o
       132          0          0          0          0       4747   usbd_ioreq.o

    ----------------------------------------------------------------------
     36972       1102        908        256      19848     525151   Object Totals
         0          0         32          0          0          0   (incl. Generated)
       816         16          0          7          3          0   (incl. Padding)

    ----------------------------------------------------------------------

      Code (inc. data)   RO Data    RW Data    ZI Data      Debug   Library Member Name

        64          6          0          0          0         84   __2snprintf.o
         8          0          0          0          0         68   __main.o
       284          0          0          0          0        156   __printf_wp.o
         0          0          0          0          0          0   __rtentry.o
        12          0          0          0          0          0   __rtentry2.o
         6          0          0          0          0          0   __rtentry4.o
        94          8          0          0          0          0   __scatter.o
        26          0          0          0          0          0   __scatter_copy.o
        28          0          0          0          0          0   __scatter_zi.o
        48          6          0          0          0         96   _printf_char_common.o
         6          0          0          0          0          0   _printf_f.o
      1052          0          0          0          0        148   _printf_fp_dec.o
       128         16          0          0          0         84   _printf_fp_infnan.o
         0          0          0          0          0          0   _printf_percent.o
         4          0          0          0          0          0   _printf_percent_end.o
        16          0          0          0          0         68   _snputc.o
       228          4        148          0          0         96   bigflt0.o
      1936        128          0          0          0        668   btod.o
        18          0          0          0          0         80   exit.o
         6          0          0          0          0        152   heapauxi.o
         0          0          0          0          0          0   indicate_semi.o
        44         10         28          0          0         76   lc_numeric_c.o
         2          0          0          0          0          0   libinit.o
        22          0          0          0          0          0   libinit2.o
         2          0          0          0          0          0   libshutdown.o
         2          0          0          0          0          0   libshutdown2.o
         8          4          0          0         96         68   libspace.o
       138          0          0          0          0         80   lludiv10.o
       240          0          0          0          0        100   lludivv7m.o
         8          4          0          0          0         68   rt_locale_intlibspace.o
        78          0          0          0          0         80   rt_memclr_w.o
         2          0          0          0          0          0   rtexit.o
        10          0          0          0          0          0   rtexit2.o
       124          0          0          0          0         88   strcmpv7m_pel.o
        12          4          0          0          0         68   sys_exit.o
        74          0          0          0          0         80   sys_stackheap_outer.o
         2          0          0          0          0         68   use_no_semi.o
        26          0          0          0          0        116   fpinit.o
         4          0          0          0          0        116   printf1.o
         0          0          0          0          0          0   usenofp.o
        48          0          0          0          0        124   fpclassify.o

    ----------------------------------------------------------------------
      4832        190        176          0         96       2832   Library Totals
        22          0          0          0          0          0   (incl. Padding)

    ----------------------------------------------------------------------

      Code (inc. data)   RO Data    RW Data    ZI Data      Debug   Library Name

      4732        190        176          0         96       2476   c_w.l
        30          0          0          0          0        232   fz_wv.l
        48          0          0          0          0        124   m_wv.l

    ----------------------------------------------------------------------
      4832        190        176          0         96       2832   Library Totals

    ----------------------------------------------------------------------

==============================================================================


      Code (inc. data)   RO Data    RW Data    ZI Data      Debug   

     41804       1292       1084        256      19944     526011   Grand Totals
     41804       1292       1084        256      19944     526011   ELF Image Totals
     41804       1292       1084        256          0          0   ROM Totals

==============================================================================

    Total RO  Size (Code + RO Data)                42888 (  41.88kB)
    Total RW  Size (RW Data + ZI Data)             20200 (  19.73kB)
    Total ROM Size (Code + RO Data + RW Data)      43144 (  42.13kB)

==============================================================================

